******************************************************************************
            TI ARM Clang Linker PC v4.0.4                      
******************************************************************************
>> Linked Fri Apr  3 22:30:49 2026

OUTPUT FILE NAME:   <2025_shaoxing_D_question.out>
ENTRY POINT SYMBOL: "_c_int00_noargs"  address: 00006c15


MEMORY CONFIGURATION

         name            origin    length      used     unused   attr    fill
----------------------  --------  ---------  --------  --------  ----  --------
  FLASH                 00000000   00020000  00007fb0  00018050  R  X
  SRAM                  20200000   00008000  00000c06  000073fa  RW X
  BCR_CONFIG            41c00000   000000ff  00000000  000000ff  R   
  BSL_CONFIG            41c00100   00000080  00000000  00000080  R   


SEGMENT ALLOCATION MAP

run origin  load origin   length   init length attrs members
----------  ----------- ---------- ----------- ----- -------
00000000    00000000    00007fb0   00007fb0    r-x
  00000000    00000000    000000c0   000000c0    r-- .intvecs
  000000c0    000000c0    00006f70   00006f70    r-x .text
  00007030    00007030    00000f40   00000f40    r-- .rodata
  00007f70    00007f70    00000040   00000040    r-- .cinit
20200000    20200000    00000a06   00000000    rw-
  20200000    20200000    000009b8   00000000    rw- .bss
  202009b8    202009b8    0000004e   00000000    rw- .data
20207e00    20207e00    00000200   00000000    rw-
  20207e00    20207e00    00000200   00000000    rw- .stack


SECTION ALLOCATION MAP

 output                                  attributes/
section   page    origin      length       input sections
--------  ----  ----------  ----------   ----------------
.intvecs   0    00000000    000000c0     
                  00000000    000000c0     startup_mspm0g350x_ticlang.o (.intvecs)

.text      0    000000c0    00006f70     
                  000000c0    00000bdc     libc.a : _scanfi.c.obj (.text.__TI_scanfi)
                  00000c9c    00000a2c     OLED.o (.text.OLED_Init)
                  000016c8    000009d0     libc.a : _printfi.c.obj (.text:__TI_printfi)
                  00002098    000005ec     main.o (.text.main)
                  00002684    000003b8     libc.a : strtod.c.obj (.text.strtod)
                  00002a3c    000002a8     ti_msp_dl_config.o (.text.SYSCFG_DL_SYSCTL_SYSPLL_init)
                  00002ce4    00000264     OLED.o (.text.OLED_ShowImage)
                  00002f48    00000220     libc.a : _printfi.c.obj (.text._pconv_a)
                  00003168    000001f0     OLED.o (.text.OLED_ShowString)
                  00003358    000001e0     libc.a : strtoll.c.obj (.text.strtoll)
                  00003538    000001dc            : _printfi.c.obj (.text._pconv_g)
                  00003714    000001a0     OLED.o (.text.OLED_Update)
                  000038b4    00000192     libclang_rt.builtins.a : adddf3.S.obj (.text.adddf3_subdf3)
                  00003a46    00000002     startup_mspm0g350x_ticlang.o (.text.Default_Handler)
                  00003a48    0000016c     libc.a : strtoull.c.obj (.text.strtoull)
                  00003bb4    00000154     dc_motor.o (.text.DCMotor_SetDuty)
                  00003d08    00000154     delay.o (.text.delay_ms)
                  00003e5c    00000148     grayscale_sensor.o (.text.grayscale_i2c_tx)
                  00003fa4    00000144     libc.a : strtol.c.obj (.text.strtol)
                  000040e8    0000013c            : _printfi.c.obj (.text.fcvt)
                  00004224    00000130     Serial.o (.text.Serial0_SendStringBlocking)
                  00004354    0000012c     libc.a : strtoul.c.obj (.text.strtoul)
                  00004480    00000124     Serial.o (.text.UART0_IRQHandler)
                  000045a4    00000120     OLED.o (.text.OLED_SetCursor)
                  000046c4    00000120     libc.a : _printfi.c.obj (.text._pconv_e)
                  000047e4    0000011c     driverlib.a : dl_timer.o (.text.DL_Timer_initCaptureMode)
                  00004900    0000010c     libclang_rt.builtins.a : divdf3.S.obj (.text.__divdf3)
                  00004a0c    00000104     driverlib.a : dl_timer.o (.text.DL_Timer_initFourCCPWMMode)
                  00004b10    000000fc                 : dl_timer.o (.text.DL_Timer_initTimerMode)
                  00004c0c    000000fc     Serial.o (.text.Serial0_SendString)
                  00004d08    000000fc     grayscale_sensor.o (.text.grayscale_i2c_write_then_read)
                  00004e04    000000e8     ti_msp_dl_config.o (.text.SYSCFG_DL_GPIO_init)
                  00004eec    000000e4     libclang_rt.builtins.a : muldf3.S.obj (.text.__muldf3)
                  00004fd0    000000dc     driverlib.a : dl_sysctl_mspm0g1x0x_g3x0x.o (.text.DL_SYSCTL_configSYSPLL)
                  000050ac    000000d8     libc.a : s_scalbn.c.obj (.text.scalbn)
                  00005184    000000d8     libclang_rt.builtins.a : addsf3.S.obj (.text)
                  0000525c    000000b6     pid.o (.text.PID_Calculate_Step)
                  00005312    00000002     libclang_rt.builtins.a : aeabi_div0.c.obj (.text.__aeabi_idiv0)
                  00005314    000000ac     ti_msp_dl_config.o (.text.SYSCFG_DL_I2C_OLED_init)
                  000053c0    000000a2     libclang_rt.builtins.a : udivmoddi4.S.obj (.text)
                  00005462    00000002                            : aeabi_div0.c.obj (.text.__aeabi_ldiv0)
                  00005464    000000a0     ti_msp_dl_config.o (.text.SYSCFG_DL_initPower)
                  00005504    0000009a     libc.a : memcpy16.S.obj (.text:memcpy)
                  0000559e    00000002     --HOLE-- [fill = 0]
                  000055a0    00000094     ti_msp_dl_config.o (.text.SYSCFG_DL_DC_Motor_PWM_init)
                  00005634    00000094     ti_msp_dl_config.o (.text.SYSCFG_DL_SYSCTL_init)
                  000056c8    00000094     encoder.o (.text.TIMA1_IRQHandler)
                  0000575c    00000094     encoder.o (.text.TIMG6_IRQHandler)
                  000057f0    00000094     encoder.o (.text.encoder_init)
                  00005884    00000090     ti_msp_dl_config.o (.text.SYSCFG_DL_UART_0_init)
                  00005914    0000008c     libclang_rt.builtins.a : mulsf3.S.obj (.text.__mulsf3)
                  000059a0    00000088     libc.a : strcmp-armv6m.S.obj (.text:strcmp)
                  00005a28    00000084     Serial.o (.text.Serial0_Init)
                  00005aac    00000082     libclang_rt.builtins.a : divsf3.S.obj (.text.__divsf3)
                  00005b2e    00000002     --HOLE-- [fill = 0]
                  00005b30    0000007c     libc.a : copy_decompress_lzss.c.obj (.text:decompress:lzss)
                  00005bac    00000074     libclang_rt.builtins.a : comparedf2.c.obj (.text.__gedf2)
                  00005c20    00000074                            : truncdfsf2.S.obj (.text.__truncdfsf2)
                  00005c94    00000074     libc.a : sscanf.c.obj (.text._chkmbc)
                  00005d08    00000070     dc_motor.o (.text.DCMotor_Enable)
                  00005d78    00000070     ti_msp_dl_config.o (.text.SYSCFG_DL_init)
                  00005de8    00000068     libclang_rt.builtins.a : comparedf2.c.obj (.text.__ledf2)
                  00005e50    00000066     libc.a : _printfi.c.obj (.text._mcpy)
                  00005eb6    00000002     --HOLE-- [fill = 0]
                  00005eb8    00000064     dc_motor.o (.text.DCMotor_Init)
                  00005f1c    00000064     driverlib.a : dl_sysctl_mspm0g1x0x_g3x0x.o (.text.DL_SYSCTL_setHFCLKSourceHFXTParams)
                  00005f80    00000062     libclang_rt.builtins.a : aeabi_dcmp.S.obj (.text.__aeabi_dcmp)
                  00005fe2    00000002     --HOLE-- [fill = 0]
                  00005fe4    00000062                            : aeabi_fcmp.S.obj (.text.__aeabi_fcmp)
                  00006046    00000062     delay.o (.text.delay_us)
                  000060a8    00000062     libc.a : memset16.S.obj (.text:memset)
                  0000610a    00000002     --HOLE-- [fill = 0]
                  0000610c    00000060     key.o (.text.Key_Tick)
                  0000616c    0000005e     driverlib.a : dl_i2c.o (.text.DL_I2C_fillControllerTXFIFO)
                  000061ca    00000002     --HOLE-- [fill = 0]
                  000061cc    0000005c     libc.a : s_frexp.c.obj (.text.frexp)
                  00006228    00000058     main.o (.text.TIMA0_IRQHandler)
                  00006280    00000058     libc.a : _ltoa.c.obj (.text.__TI_ltoa)
                  000062d8    00000058            : _printfi.c.obj (.text._pconv_f)
                  00006330    00000056     libclang_rt.builtins.a : aeabi_idivmod.S.obj (.text.__aeabi_idivmod)
                  00006386    00000002     --HOLE-- [fill = 0]
                  00006388    00000054     pid.o (.text.PID_Init)
                  000063dc    00000054     ti_msp_dl_config.o (.text.SYSCFG_DL_I2C_GRAYSCALE_init)
                  00006430    00000052     libc.a : _printfi.c.obj (.text._ecpy)
                  00006482    00000002     --HOLE-- [fill = 0]
                  00006484    0000004c     driverlib.a : dl_dma.o (.text.DL_DMA_initChannel)
                  000064d0    0000004c     ti_msp_dl_config.o (.text.SYSCFG_DL_SPI_0_init)
                  0000651c    0000004c     libc.a : snprintf.c.obj (.text.snprintf)
                  00006568    0000004a     libclang_rt.builtins.a : fixdfsi.S.obj (.text.__fixdfsi)
                  000065b2    00000002     --HOLE-- [fill = 0]
                  000065b4    00000048     driverlib.a : dl_uart.o (.text.DL_UART_init)
                  000065fc    00000044                 : dl_spi.o (.text.DL_SPI_init)
                  00006640    00000044                 : dl_sysctl_mspm0g1x0x_g3x0x.o (.text.DL_SYSCTL_switchMCLKfromSYSOSCtoHSCLK)
                  00006684    00000040     libclang_rt.builtins.a : aeabi_uidivmod.S.obj (.text.__aeabi_uidivmod)
                  000066c4    00000040                            : extendsfdf2.S.obj (.text.__extendsfdf2)
                  00006704    00000040     libc.a : atoi.c.obj (.text.atoi)
                  00006744    0000003c     driverlib.a : dl_i2c.o (.text.DL_I2C_flushControllerTXFIFO)
                  00006780    0000003c     ti_msp_dl_config.o (.text.SYSCFG_DL_E1A_init)
                  000067bc    0000003c     ti_msp_dl_config.o (.text.SYSCFG_DL_E1B_init)
                  000067f8    0000003c     ti_msp_dl_config.o (.text.SYSCFG_DL_E2A_init)
                  00006834    0000003c     ti_msp_dl_config.o (.text.SYSCFG_DL_E2B_init)
                  00006870    0000003c     libclang_rt.builtins.a : floatsisf.S.obj (.text.__floatsisf)
                  000068ac    0000003c                            : comparesf2.S.obj (.text.__gtsf2)
                  000068e8    0000003c     grayscale_sensor.o (.text.grayscale_byte_to_sensor_array)
                  00006924    0000003c     libc.a : autoinit.c.obj (.text:__TI_auto_init_nobinit_nopinit)
                  00006960    0000003a     libclang_rt.builtins.a : comparesf2.S.obj (.text.__eqsf2)
                  0000699a    00000002     --HOLE-- [fill = 0]
                  0000699c    0000003a                            : muldsi3.S.obj (.text.__muldsi3)
                  000069d6    00000002     --HOLE-- [fill = 0]
                  000069d8    00000038     ti_msp_dl_config.o (.text.SYSCFG_DL_TIMER_FOR_1MS_init)
                  00006a10    00000038     libclang_rt.builtins.a : fixsfsi.S.obj (.text.__fixsfsi)
                  00006a48    00000032     grayscale_sensor.o (.text.IIC_Get_Digtal_Ex)
                  00006a7a    00000002     --HOLE-- [fill = 0]
                  00006a7c    00000030     driverlib.a : dl_i2c.o (.text.DL_I2C_flushControllerRXFIFO)
                  00006aac    00000030     libc.a : _printfi.c.obj (.text._fcpy)
                  00006adc    00000030            : snprintf.c.obj (.text._outs)
                  00006b0c    00000030     grayscale_sensor.o (.text.grayscale_i2c_recover)
                  00006b3c    00000030     libc.a : sscanf.c.obj (.text.sscanf)
                  00006b6c    0000002c     libclang_rt.builtins.a : floatsidf.S.obj (.text.__floatsidf)
                  00006b98    0000002c     libc.a : vsprintf.c.obj (.text.vsprintf)
                  00006bc4    00000028     OLED.o (.text.OLED_Printf)
                  00006bec    00000028     ti_msp_dl_config.o (.text.SYSCFG_DL_SYSCTL_CLK_init)
                  00006c14    00000028     libc.a : boot_cortex_m.c.obj (.text:_c_int00_noargs)
                  00006c3c    00000026     driverlib.a : dl_i2c.o (.text.DL_I2C_setClockConfig)
                  00006c62    00000002     --HOLE-- [fill = 0]
                  00006c64    00000024     dc_motor.o (.text.DCMotor_DirectionString)
                  00006c88    00000024     libclang_rt.builtins.a : muldi3.S.obj (.text.__muldi3)
                  00006cac    00000022     libc.a : memccpy.c.obj (.text.memccpy)
                  00006cce    00000002     --HOLE-- [fill = 0]
                  00006cd0    00000020     pid.o (.text.PID_Reset)
                  00006cf0    0000001e     libclang_rt.builtins.a : ashldi3.S.obj (.text.__ashldi3)
                  00006d0e    00000002     --HOLE-- [fill = 0]
                  00006d10    0000001c     dc_motor.o (.text.DCMotor_GetStatus)
                  00006d2c    0000001c     driverlib.a : dl_sysctl_mspm0g1x0x_g3x0x.o (.text.DL_SYSCTL_configFCC)
                  00006d48    0000001c                 : dl_timer.o (.text.DL_Timer_setCaptCompUpdateMethod)
                  00006d64    0000001c                 : dl_timer.o (.text.DL_Timer_setClockConfig)
                  00006d80    00000018                 : dl_timer.o (.text.DL_Timer_setCaptureCompareOutCtl)
                  00006d98    00000018     grayscale_sensor.o (.text.IIC_Set_Channel_Enable)
                  00006db0    00000018     pid.o (.text.PID_SetParameters)
                  00006dc8    00000018     ti_msp_dl_config.o (.text.SYSCFG_DL_DMA_CH0_init)
                  00006de0    00000018     ti_msp_dl_config.o (.text.SYSCFG_DL_DMA_CH1_init)
                  00006df8    00000018     libc.a : snprintf.c.obj (.text._outc)
                  00006e10    00000018            : vsprintf.c.obj (.text._outs)
                  00006e28    00000014     grayscale_sensor.o (.text.IIC_Probe)
                  00006e3c    00000014     OLED.o (.text.OLED_Clear)
                  00006e50    00000014     libclang_rt.builtins.a : aeabi_uldivmod.S.obj (.text.__aeabi_uldivmod)
                  00006e64    00000014     libc.a : sscanf.c.obj (.text._inpchar)
                  00006e78    00000014            : _printfi.c.obj (.text.strchr)
                  00006e8c    00000012     driverlib.a : dl_spi.o (.text.DL_SPI_setClockConfig)
                  00006e9e    00000012                 : dl_uart.o (.text.DL_UART_setClockConfig)
                  00006eb0    00000012     libc.a : copy_decompress_none.c.obj (.text:decompress:none)
                  00006ec2    00000002     --HOLE-- [fill = 0]
                  00006ec4    00000010     driverlib.a : dl_timer.o (.text.DL_Timer_setCaptureCompareValue)
                  00006ed4    00000010     key.o (.text.Key_GetNum)
                  00006ee4    00000010     libc.a : wcslen.c.obj (.text.wcslen)
                  00006ef4    00000010            : copy_zero_init.c.obj (.text:decompress:ZI)
                  00006f04    0000000e            : _scanfi.c.obj (.text.OUTLINED_FUNCTION_1)
                  00006f12    0000000e            : _scanfi.c.obj (.text.OUTLINED_FUNCTION_2)
                  00006f20    0000000e            : _scanfi.c.obj (.text.OUTLINED_FUNCTION_4)
                  00006f2e    00000002     --HOLE-- [fill = 0]
                  00006f30    0000000e     libclang_rt.builtins.a : aeabi_memset.S.obj (.text.__aeabi_memset)
                  00006f3e    0000000e     libc.a : _printfi.c.obj (.text.strlen)
                  00006f4c    0000000c     ti_msp_dl_config.o (.text.SYSCFG_DL_DMA_init)
                  00006f58    0000000c     encoder.o (.text.TIMG7_IRQHandler)
                  00006f64    0000000c     encoder.o (.text.TIMG8_IRQHandler)
                  00006f70    0000000c     libclang_rt.builtins.a : aeabi_memset.S.obj (.text.__aeabi_memclr)
                  00006f7c    0000000c     encoder.o (.text.encoder_get_left_speed_mps)
                  00006f88    0000000c     encoder.o (.text.encoder_get_right_speed_mps)
                  00006f94    0000000a     driverlib.a : dl_common.o (.text.DL_Common_delayCycles)
                  00006f9e    0000000a     libc.a : _printfi.c.obj (.text.OUTLINED_FUNCTION_0)
                  00006fa8    00000010     libclang_rt.builtins.a : adddf3.S.obj (.tramp.__aeabi_dsub.1)
                  00006fb8    0000000a     libc.a : _printfi.c.obj (.text.OUTLINED_FUNCTION_1)
                  00006fc2    0000000a            : vsprintf.c.obj (.text._outc)
                  00006fcc    00000008            : _scanfi.c.obj (.text.OUTLINED_FUNCTION_0)
                  00006fd4    00000008            : strtod.c.obj (.text.OUTLINED_FUNCTION_0)
                  00006fdc    00000008            : strtod.c.obj (.text.OUTLINED_FUNCTION_1)
                  00006fe4    00000010     libclang_rt.builtins.a : aeabi_dcmp.S.obj (.tramp.__aeabi_dcmpeq.1)
                  00006ff4    00000008     libc.a : aeabi_portable.c.obj (.text.__aeabi_errno_addr)
                  00006ffc    00000008     libclang_rt.builtins.a : aeabi_memcpy.S.obj (.text.__aeabi_memcpy)
                  00007004    00000008     libc.a : sscanf.c.obj (.text._uninpchar)
                  0000700c    00000006            : _scanfi.c.obj (.text.OUTLINED_FUNCTION_3)
                  00007012    00000006            : exit.c.obj (.text:abort)
                  00007018    00000004     libsysbm.a : hostexit.c.obj (.text.HOSTexit)
                  0000701c    00000004     startup_mspm0g350x_ticlang.o (.text.Reset_Handler)
                  00007020    00000004     libc.a : pre_init.c.obj (.text._system_pre_init)
                  00007024    0000000c     --HOLE-- [fill = 0]

.cinit     0    00007f70    00000040     
                  00007f70    00000015     (.cinit..data.load) [load image, compression = lzss]
                  00007f85    00000003     --HOLE-- [fill = 0]
                  00007f88    0000000c     (__TI_handler_table)
                  00007f94    00000008     (.cinit..bss.load) [load image, compression = zero_init]
                  00007f9c    00000010     (__TI_cinit_table)
                  00007fac    00000004     --HOLE-- [fill = 0]

.rodata    0    00007030    00000f40     
                  00007030    000005f0     OLED_Data.o (.rodata.OLED_F8x16)
                  00007620    00000309     OLED_Data.o (.rodata.OLED_CF16x16)
                  00007929    0000023a     OLED_Data.o (.rodata.OLED_F6x8)
                  00007b63    0000000d     main.o (.rodata.str1.14402440632258215044.1)
                  00007b70    00000101     libc.a : aeabi_ctype.S.obj (.rodata:__aeabi_ctype_table_)
                  00007c71    00000007            : _scanfi.c.obj (.rodata._sproc_int.flit)
                  00007c78    00000080            : strtod.c.obj (.rodata.digits)
                  00007cf8    00000048            : strtod.c.obj (.rodata.powerof10)
                  00007d40    00000036     main.o (.rodata.str1.18227636981041470289.1)
                  00007d76    0000002d     main.o (.rodata.str1.2846389346932560359.1)
                  00007da3    00000001     --HOLE-- [fill = 0]
                  00007da4    00000028     ti_msp_dl_config.o (.rodata.gSYSPLLConfig)
                  00007dcc    00000018     ti_msp_dl_config.o (.rodata.gDMA_CH0Config)
                  00007de4    00000018     ti_msp_dl_config.o (.rodata.gDMA_CH1Config)
                  00007dfc    00000015     main.o (.rodata.str1.17100691992556644108.1)
                  00007e11    00000003     ti_msp_dl_config.o (.rodata.gDC_Motor_PWMClockConfig)
                  00007e14    00000014     ti_msp_dl_config.o (.rodata.gTIMER_FOR_1MSTimerConfig)
                  00007e28    00000013     main.o (.rodata.str1.14112174005742061988.1)
                  00007e3b    00000013     main.o (.rodata.str1.288608917962107522.1)
                  00007e4e    00000011     libc.a : _printfi.c.obj (.rodata.str1.10348868589481759720.1)
                  00007e5f    00000011            : _printfi.c.obj (.rodata.str1.15363888844622738466.1)
                  00007e70    00000010     ti_msp_dl_config.o (.rodata.gE1ACaptureConfig)
                  00007e80    00000010     ti_msp_dl_config.o (.rodata.gE1BCaptureConfig)
                  00007e90    00000010     ti_msp_dl_config.o (.rodata.gE2ACaptureConfig)
                  00007ea0    00000010     ti_msp_dl_config.o (.rodata.gE2BCaptureConfig)
                  00007eb0    00000010     main.o (.rodata.str1.15159059442110792349.1)
                  00007ec0    00000010     main.o (.rodata.str1.8154729771448623357.1)
                  00007ed0    0000000d     main.o (.rodata.str1.16265332423659789559.1)
                  00007edd    00000003     ti_msp_dl_config.o (.rodata.gE1AClockConfig)
                  00007ee0    0000000c     driverlib.a : dl_timer.o (.rodata..Lswitch.table.DL_Timer_initCompareMode)
                  00007eec    0000000a     ti_msp_dl_config.o (.rodata.gSPI_0_config)
                  00007ef6    0000000a     ti_msp_dl_config.o (.rodata.gUART_0Config)
                  00007f00    0000000a     main.o (.rodata.str1.12180500075719773345.1)
                  00007f0a    0000000a     main.o (.rodata.str1.15996357275703397564.1)
                  00007f14    0000000a     main.o (.rodata.str1.7702501944640899365.1)
                  00007f1e    00000009     libc.a : _scanfi.c.obj (.rodata.str1.12964984209033246150.1)
                  00007f27    00000001     --HOLE-- [fill = 0]
                  00007f28    00000008            : _scanfi.c.obj (.rodata..L__const._sproc_float.special)
                  00007f30    00000008     ti_msp_dl_config.o (.rodata.gDC_Motor_PWMConfig)
                  00007f38    00000006     libc.a : _scanfi.c.obj (.rodata._sproc_int.barr)
                  00007f3e    00000004     dc_motor.o (.rodata.str1.14677681109869390631.1)
                  00007f42    00000004     dc_motor.o (.rodata.str1.17558612704133717401.1)
                  00007f46    00000004     libc.a : _scanfi.c.obj (.rodata.str1.3403580589742030990.1)
                  00007f4a    00000004     dc_motor.o (.rodata.str1.4066471381744690102.1)
                  00007f4e    00000003     ti_msp_dl_config.o (.rodata.gE1BClockConfig)
                  00007f51    00000003     ti_msp_dl_config.o (.rodata.gE2AClockConfig)
                  00007f54    00000003     ti_msp_dl_config.o (.rodata.gE2BClockConfig)
                  00007f57    00000003     ti_msp_dl_config.o (.rodata.gTIMER_FOR_1MSClockConfig)
                  00007f5a    00000003     main.o (.rodata.str1.2123964117280943167.1)
                  00007f5d    00000002     ti_msp_dl_config.o (.rodata.gI2C_GRAYSCALEClockConfig)
                  00007f5f    00000002     ti_msp_dl_config.o (.rodata.gI2C_OLEDClockConfig)
                  00007f61    00000002     ti_msp_dl_config.o (.rodata.gSPI_0_clockConfig)
                  00007f63    00000002     ti_msp_dl_config.o (.rodata.gUART_0ClockConfig)
                  00007f65    0000000b     --HOLE-- [fill = 0]

.init_array 
*          0    00000000    00000000     UNINITIALIZED

.binit     0    00000000    00000000     

.bss       0    20200000    000009b8     UNINITIALIZED
                  20200000    00000400     (.common:OLED_DisplayBuf)
                  20200400    00000100     Serial.o (.bss.s_rxDoubleBuf)
                  20200500    00000100     Serial.o (.bss.s_txDoubleBuf)
                  20200600    000000bc     (.common:gE1BBackup)
                  202006bc    000000bc     (.common:gTIMER_FOR_1MSBackup)
                  20200778    000000a0     (.common:gE2ABackup)
                  20200818    000000a0     (.common:gE2BBackup)
                  202008b8    00000080     (.common:Serial0_RxPacket)
                  20200938    0000002c     (.common:PID_Left_Speed)
                  20200964    0000002c     (.common:PID_Right_Speed)
                  20200990    00000028     (.common:gSPI_0Backup)

.data      0    202009b8    0000004e     UNINITIALIZED
                  202009b8    00000010     grayscale_sensor.o (.data.sensor)
                  202009c8    00000008     dc_motor.o (.data.s_motor)
                  202009d0    00000004     libc.a : aeabi_portable.c.obj (.data.__aeabi_errno)
                  202009d4    00000004     encoder.o (.data.g_left_count)
                  202009d8    00000004     encoder.o (.data.g_left_rpm)
                  202009dc    00000004     encoder.o (.data.g_left_speed_mps)
                  202009e0    00000004     encoder.o (.data.g_right_count)
                  202009e4    00000004     encoder.o (.data.g_right_rpm)
                  202009e8    00000004     encoder.o (.data.g_right_speed_mps)
                  202009ec    00000004     main.o (.data.g_targetSpeedMps)
                  202009f0    00000004     Serial.o (.data.s_txLen)
                  202009f4    00000002     main.o (.data.TIMA0_IRQHandler.tick200ms)
                  202009f6    00000002     main.o (.data.TIMA0_IRQHandler.tick20ms)
                  202009f8    00000002     Serial.o (.data.s_writePos)
                  202009fa    00000001     key.o (.data.Key_Num)
                  202009fb    00000001     key.o (.data.Key_Tick.count)
                  202009fc    00000001     key.o (.data.Key_Tick.currState)
                  202009fd    00000001     Serial.o (.data.Serial0_RxFlag)
                  202009fe    00000001     main.o (.data.g_oledRefreshFlag)
                  202009ff    00000001     main.o (.data.g_speedPidUpdateFlag)
                  20200a00    00000001     main.o (.data.g_speedReportEventFlag)
                  20200a01    00000001     encoder.o (.data.g_speed_update_flag)
                  20200a02    00000001     main.o (.data.g_taskId)
                  20200a03    00000001     Serial.o (.data.s_txActiveBuf)
                  20200a04    00000001     Serial.o (.data.s_txPendingBuf)
                  20200a05    00000001     Serial.o (.data.s_writeBufIndex)

.stack     0    20207e00    00000200     UNINITIALIZED
                  20207e00    00000004     libc.a : boot_cortex_m.c.obj (.stack)
                  20207e04    000001fc     --HOLE--

__llvm_prf_cnts 
*          0    20200000    00000000     UNINITIALIZED

__llvm_prf_bits 
*          0    20200000    00000000     UNINITIALIZED

MODULE SUMMARY

       Module                         code    ro data   rw data
       ------                         ----    -------   -------
    .\
       ti_msp_dl_config.o             2352    226       736    
       main.o                         1604    249       12     
       startup_mspm0g350x_ticlang.o   6       192       0      
    +--+------------------------------+-------+---------+---------+
       Total:                         3962    667       748    
                                                               
    .\icode\
       OLED.o                         4476    0         1024   
       OLED_Data.o                    0       2867      0      
       Serial.o                       980     0         650    
       grayscale_sensor.o             782     0         16     
       dc_motor.o                     616     12        8      
       encoder.o                      492     0         25     
       delay.o                        438     0         0      
       pid.o                          322     0         88     
       key.o                          112     0         3      
    +--+------------------------------+-------+---------+---------+
       Total:                         8218    2879      1814   
                                                               
    D:/ccs20.5/mspm0_sdk_2_10_00_04/source/ti/driverlib/lib/ticlang/m0p/mspm0g1x0x_g3x0x/driverlib.a
       dl_timer.o                     892     12        0      
       dl_sysctl_mspm0g1x0x_g3x0x.o   416     0         0      
       dl_i2c.o                       240     0         0      
       dl_uart.o                      90      0         0      
       dl_spi.o                       86      0         0      
       dl_dma.o                       76      0         0      
       dl_common.o                    10      0         0      
    +--+------------------------------+-------+---------+---------+
       Total:                         1810    12        0      
                                                               
    D:\ccs20.5\ccs\tools\compiler\ti-cgt-armllvm_4.0.4.LTS\lib\armv6m-ti-none-eabi/c/libc.a
       _printfi.c.obj                 4510    34        0      
       _scanfi.c.obj                  3092    34        0      
       strtod.c.obj                   968     200       0      
       strtoll.c.obj                  480     0         0      
       strtoull.c.obj                 364     0         0      
       strtol.c.obj                   324     0         0      
       strtoul.c.obj                  300     0         0      
       aeabi_ctype.S.obj              0       257       0      
       s_scalbn.c.obj                 216     0         0      
       sscanf.c.obj                   192     0         0      
       memcpy16.S.obj                 154     0         0      
       snprintf.c.obj                 148     0         0      
       strcmp-armv6m.S.obj            136     0         0      
       copy_decompress_lzss.c.obj     124     0         0      
       memset16.S.obj                 98      0         0      
       s_frexp.c.obj                  92      0         0      
       _ltoa.c.obj                    88      0         0      
       vsprintf.c.obj                 78      0         0      
       atoi.c.obj                     64      0         0      
       autoinit.c.obj                 60      0         0      
       boot_cortex_m.c.obj            40      0         0      
       memccpy.c.obj                  34      0         0      
       copy_decompress_none.c.obj     18      0         0      
       copy_zero_init.c.obj           16      0         0      
       wcslen.c.obj                   16      0         0      
       aeabi_portable.c.obj           8       0         4      
       exit.c.obj                     6       0         0      
       pre_init.c.obj                 4       0         0      
    +--+------------------------------+-------+---------+---------+
       Total:                         11630   525       4      
                                                               
    D:\ccs20.5\ccs\tools\compiler\ti-cgt-armllvm_4.0.4.LTS\lib\armv6m-ti-none-eabi/c/libsysbm.a
       hostexit.c.obj                 4       0         0      
    +--+------------------------------+-------+---------+---------+
       Total:                         4       0         0      
                                                               
    D:\ccs20.5\ccs\tools\compiler\ti-cgt-armllvm_4.0.4.LTS\lib\armv6m-ti-none-eabi/libclang_rt.builtins.a
       adddf3.S.obj                   418     0         0      
       divdf3.S.obj                   268     0         0      
       muldf3.S.obj                   228     0         0      
       comparedf2.c.obj               220     0         0      
       addsf3.S.obj                   216     0         0      
       udivmoddi4.S.obj               162     0         0      
       mulsf3.S.obj                   140     0         0      
       divsf3.S.obj                   130     0         0      
       comparesf2.S.obj               118     0         0      
       truncdfsf2.S.obj               116     0         0      
       aeabi_dcmp.S.obj               114     0         0      
       aeabi_fcmp.S.obj               98      0         0      
       aeabi_idivmod.S.obj            86      0         0      
       fixdfsi.S.obj                  74      0         0      
       aeabi_uidivmod.S.obj           64      0         0      
       extendsfdf2.S.obj              64      0         0      
       floatsisf.S.obj                60      0         0      
       muldsi3.S.obj                  58      0         0      
       fixsfsi.S.obj                  56      0         0      
       floatsidf.S.obj                44      0         0      
       muldi3.S.obj                   36      0         0      
       ashldi3.S.obj                  30      0         0      
       aeabi_memset.S.obj             26      0         0      
       aeabi_uldivmod.S.obj           20      0         0      
       aeabi_memcpy.S.obj             8       0         0      
       aeabi_div0.c.obj               4       0         0      
    +--+------------------------------+-------+---------+---------+
       Total:                         2858    0         0      
                                                               
       Stack:                         0       0         512    
       Linker Generated:              0       57        0      
    +--+------------------------------+-------+---------+---------+
       Grand Total:                   28482   4140      3078   


LINKER GENERATED COPY TABLES

__TI_cinit_table @ 00007f9c records: 2, size/record: 8, table size: 16
	.data: load addr=00007f70, load size=00000015 bytes, run addr=202009b8, run size=0000004e bytes, compression=lzss
	.bss: load addr=00007f94, load size=00000008 bytes, run addr=20200000, run size=000009b8 bytes, compression=zero_init


LINKER GENERATED HANDLER TABLE

__TI_handler_table @ 00007f88 records: 3, size/record: 4, table size: 12
	index: 0, handler: __TI_decompress_lzss
	index: 1, handler: __TI_decompress_none
	index: 2, handler: __TI_zero_init


FAR CALL TRAMPOLINES

callee name               trampoline name
   callee addr  tramp addr   call addr  call info
--------------  -----------  ---------  ----------------
__aeabi_dsub              $Tramp$TT$L$PI$$__aeabi_dsub
   000038b5     00006fa8     00006fa6   libc.a : _printfi.c.obj (.text.OUTLINED_FUNCTION_0)
__aeabi_dcmpeq            $Tramp$TT$L$PI$$__aeabi_dcmpeq
   00005f81     00006fe4     00006fe2   libc.a : strtod.c.obj (.text.OUTLINED_FUNCTION_1)

[2 trampolines]
[2 trampoline calls]


GLOBAL SYMBOLS: SORTED ALPHABETICALLY BY Name 

address   name                                 
-------   ----                                 
00003a47  ADC0_IRQHandler                      
00003a47  ADC1_IRQHandler                      
00003a47  AES_IRQHandler                       
00007018  C$$EXIT                              
00003a47  CANFD0_IRQHandler                    
00003a47  DAC0_IRQHandler                      
00006c65  DCMotor_DirectionString              
00005d09  DCMotor_Enable                       
00006d11  DCMotor_GetStatus                    
00005eb9  DCMotor_Init                         
00003bb5  DCMotor_SetDuty                      
00006f95  DL_Common_delayCycles                
00006485  DL_DMA_initChannel                   
0000616d  DL_I2C_fillControllerTXFIFO          
00006a7d  DL_I2C_flushControllerRXFIFO         
00006745  DL_I2C_flushControllerTXFIFO         
00006c3d  DL_I2C_setClockConfig                
000065fd  DL_SPI_init                          
00006e8d  DL_SPI_setClockConfig                
00006d2d  DL_SYSCTL_configFCC                  
00004fd1  DL_SYSCTL_configSYSPLL               
00005f1d  DL_SYSCTL_setHFCLKSourceHFXTParams   
00006641  DL_SYSCTL_switchMCLKfromSYSOSCtoHSCLK
000047e5  DL_Timer_initCaptureMode             
00004a0d  DL_Timer_initFourCCPWMMode           
00004b11  DL_Timer_initTimerMode               
00006d49  DL_Timer_setCaptCompUpdateMethod     
00006d81  DL_Timer_setCaptureCompareOutCtl     
00006ec5  DL_Timer_setCaptureCompareValue      
00006d65  DL_Timer_setClockConfig              
000065b5  DL_UART_init                         
00006e9f  DL_UART_setClockConfig               
00003a47  DMA_IRQHandler                       
00003a47  Default_Handler                      
00003a47  GROUP0_IRQHandler                    
00003a47  GROUP1_IRQHandler                    
00007019  HOSTexit                             
00003a47  HardFault_Handler                    
00003a47  I2C0_IRQHandler                      
00003a47  I2C1_IRQHandler                      
00006a49  IIC_Get_Digtal_Ex                    
00006e29  IIC_Probe                            
00006d99  IIC_Set_Channel_Enable               
00006ed5  Key_GetNum                           
0000610d  Key_Tick                             
00003a47  NMI_Handler                          
00007620  OLED_CF16x16                         
00006e3d  OLED_Clear                           
20200000  OLED_DisplayBuf                      
00007929  OLED_F6x8                            
00007030  OLED_F8x16                           
00000c9d  OLED_Init                            
00006bc5  OLED_Printf                          
000045a5  OLED_SetCursor                       
00002ce5  OLED_ShowImage                       
00003169  OLED_ShowString                      
00003715  OLED_Update                          
0000525d  PID_Calculate_Step                   
00006389  PID_Init                             
20200938  PID_Left_Speed                       
00006cd1  PID_Reset                            
20200964  PID_Right_Speed                      
00006db1  PID_SetParameters                    
00003a47  PendSV_Handler                       
00003a47  RTC_IRQHandler                       
0000701d  Reset_Handler                        
00003a47  SPI0_IRQHandler                      
00003a47  SPI1_IRQHandler                      
00003a47  SVC_Handler                          
000055a1  SYSCFG_DL_DC_Motor_PWM_init          
00006dc9  SYSCFG_DL_DMA_CH0_init               
00006de1  SYSCFG_DL_DMA_CH1_init               
00006f4d  SYSCFG_DL_DMA_init                   
00006781  SYSCFG_DL_E1A_init                   
000067bd  SYSCFG_DL_E1B_init                   
000067f9  SYSCFG_DL_E2A_init                   
00006835  SYSCFG_DL_E2B_init                   
00004e05  SYSCFG_DL_GPIO_init                  
000063dd  SYSCFG_DL_I2C_GRAYSCALE_init         
00005315  SYSCFG_DL_I2C_OLED_init              
000064d1  SYSCFG_DL_SPI_0_init                 
00006bed  SYSCFG_DL_SYSCTL_CLK_init            
00002a3d  SYSCFG_DL_SYSCTL_SYSPLL_init         
00005635  SYSCFG_DL_SYSCTL_init                
000069d9  SYSCFG_DL_TIMER_FOR_1MS_init         
00005885  SYSCFG_DL_UART_0_init                
00005d79  SYSCFG_DL_init                       
00005465  SYSCFG_DL_initPower                  
00005a29  Serial0_Init                         
202009fd  Serial0_RxFlag                       
202008b8  Serial0_RxPacket                     
00004c0d  Serial0_SendString                   
00004225  Serial0_SendStringBlocking           
00003a47  SysTick_Handler                      
00006229  TIMA0_IRQHandler                     
000056c9  TIMA1_IRQHandler                     
00003a47  TIMG0_IRQHandler                     
00003a47  TIMG12_IRQHandler                    
0000575d  TIMG6_IRQHandler                     
00006f59  TIMG7_IRQHandler                     
00006f65  TIMG8_IRQHandler                     
00004481  UART0_IRQHandler                     
00003a47  UART1_IRQHandler                     
00003a47  UART2_IRQHandler                     
00003a47  UART3_IRQHandler                     
20208000  __STACK_END                          
00000200  __STACK_SIZE                         
00000000  __TI_ATRegion0_region_sz             
00000000  __TI_ATRegion0_src_addr              
00000000  __TI_ATRegion0_trg_addr              
00000000  __TI_ATRegion1_region_sz             
00000000  __TI_ATRegion1_src_addr              
00000000  __TI_ATRegion1_trg_addr              
00000000  __TI_ATRegion2_region_sz             
00000000  __TI_ATRegion2_src_addr              
00000000  __TI_ATRegion2_trg_addr              
00007f9c  __TI_CINIT_Base                      
00007fac  __TI_CINIT_Limit                     
00007fac  __TI_CINIT_Warm                      
00007f88  __TI_Handler_Table_Base              
00007f94  __TI_Handler_Table_Limit             
00006925  __TI_auto_init_nobinit_nopinit       
00005b31  __TI_decompress_lzss                 
00006eb1  __TI_decompress_none                 
00006281  __TI_ltoa                            
ffffffff  __TI_pprof_out_hndl                  
000016c9  __TI_printfi                         
ffffffff  __TI_prof_data_size                  
ffffffff  __TI_prof_data_start                 
000000c1  __TI_scanfi                          
00000000  __TI_static_base__                   
00006ef5  __TI_zero_init                       
000038bf  __adddf3                             
0000518f  __addsf3                             
00007b70  __aeabi_ctype_table_                 
00007b70  __aeabi_ctype_table_C                
00005c21  __aeabi_d2f                          
00006569  __aeabi_d2iz                         
000038bf  __aeabi_dadd                         
00005f81  __aeabi_dcmpeq                       
00005fbd  __aeabi_dcmpge                       
00005fd1  __aeabi_dcmpgt                       
00005fa9  __aeabi_dcmple                       
00005f95  __aeabi_dcmplt                       
00004901  __aeabi_ddiv                         
00004eed  __aeabi_dmul                         
000038b5  __aeabi_dsub                         
202009d0  __aeabi_errno                        
00006ff5  __aeabi_errno_addr                   
000066c5  __aeabi_f2d                          
00006a11  __aeabi_f2iz                         
0000518f  __aeabi_fadd                         
00005fe5  __aeabi_fcmpeq                       
00006021  __aeabi_fcmpge                       
00006035  __aeabi_fcmpgt                       
0000600d  __aeabi_fcmple                       
00005ff9  __aeabi_fcmplt                       
00005aad  __aeabi_fdiv                         
00005915  __aeabi_fmul                         
00005185  __aeabi_fsub                         
00006b6d  __aeabi_i2d                          
00006871  __aeabi_i2f                          
00006331  __aeabi_idiv                         
00005313  __aeabi_idiv0                        
00006331  __aeabi_idivmod                      
00005463  __aeabi_ldiv0                        
00006cf1  __aeabi_llsl                         
00006c89  __aeabi_lmul                         
00006f71  __aeabi_memclr                       
00006f71  __aeabi_memclr4                      
00006f71  __aeabi_memclr8                      
00006ffd  __aeabi_memcpy                       
00006ffd  __aeabi_memcpy4                      
00006ffd  __aeabi_memcpy8                      
00006f31  __aeabi_memset                       
00006f31  __aeabi_memset4                      
00006f31  __aeabi_memset8                      
00006685  __aeabi_uidiv                        
00006685  __aeabi_uidivmod                     
00006e51  __aeabi_uldivmod                     
00006cf1  __ashldi3                            
ffffffff  __binit__                            
00005de9  __cmpdf2                             
00006961  __cmpsf2                             
00004901  __divdf3                             
00005aad  __divsf3                             
00005de9  __eqdf2                              
00006961  __eqsf2                              
000066c5  __extendsfdf2                        
00006569  __fixdfsi                            
00006a11  __fixsfsi                            
00006b6d  __floatsidf                          
00006871  __floatsisf                          
00005bad  __gedf2                              
000068ad  __gesf2                              
00005bad  __gtdf2                              
000068ad  __gtsf2                              
00005de9  __ledf2                              
00006961  __lesf2                              
00005de9  __ltdf2                              
00006961  __ltsf2                              
UNDEFED   __mpu_init                           
00004eed  __muldf3                             
00006c89  __muldi3                             
0000699d  __muldsi3                            
00005915  __mulsf3                             
00005de9  __nedf2                              
00006961  __nesf2                              
20207e00  __stack                              
20200000  __start___llvm_prf_bits              
20200000  __start___llvm_prf_cnts              
20200000  __stop___llvm_prf_bits               
20200000  __stop___llvm_prf_cnts               
000038b5  __subdf3                             
00005185  __subsf3                             
00005c21  __truncdfsf2                         
000053c1  __udivmoddi4                         
00006c15  _c_int00_noargs                      
UNDEFED   _system_post_cinit                   
00007021  _system_pre_init                     
00007013  abort                                
00006705  atoi                                 
ffffffff  binit                                
00003d09  delay_ms                             
00006047  delay_us                             
00006f7d  encoder_get_left_speed_mps           
00006f89  encoder_get_right_speed_mps          
000057f1  encoder_init                         
000061cd  frexp                                
000061cd  frexpl                               
20200600  gE1BBackup                           
20200778  gE2ABackup                           
20200818  gE2BBackup                           
20200990  gSPI_0Backup                         
202006bc  gTIMER_FOR_1MSBackup                 
000068e9  grayscale_byte_to_sensor_array       
00000000  interruptVectors                     
000050ad  ldexp                                
000050ad  ldexpl                               
00002099  main                                 
00006cad  memccpy                              
00005505  memcpy                               
000060a9  memset                               
000050ad  scalbn                               
000050ad  scalbnl                              
202009b8  sensor                               
0000651d  snprintf                             
00006b3d  sscanf                               
000059a1  strcmp                               
00002685  strtod                               
00003fa5  strtol                               
00002685  strtold                              
00003359  strtoll                              
00004355  strtoul                              
00003a49  strtoull                             
00006b99  vsprintf                             
00006ee5  wcslen                               


GLOBAL SYMBOLS: SORTED BY Symbol Address 

address   name                                 
-------   ----                                 
00000000  __TI_ATRegion0_region_sz             
00000000  __TI_ATRegion0_src_addr              
00000000  __TI_ATRegion0_trg_addr              
00000000  __TI_ATRegion1_region_sz             
00000000  __TI_ATRegion1_src_addr              
00000000  __TI_ATRegion1_trg_addr              
00000000  __TI_ATRegion2_region_sz             
00000000  __TI_ATRegion2_src_addr              
00000000  __TI_ATRegion2_trg_addr              
00000000  __TI_static_base__                   
00000000  interruptVectors                     
000000c1  __TI_scanfi                          
00000200  __STACK_SIZE                         
00000c9d  OLED_Init                            
000016c9  __TI_printfi                         
00002099  main                                 
00002685  strtod                               
00002685  strtold                              
00002a3d  SYSCFG_DL_SYSCTL_SYSPLL_init         
00002ce5  OLED_ShowImage                       
00003169  OLED_ShowString                      
00003359  strtoll                              
00003715  OLED_Update                          
000038b5  __aeabi_dsub                         
000038b5  __subdf3                             
000038bf  __adddf3                             
000038bf  __aeabi_dadd                         
00003a47  ADC0_IRQHandler                      
00003a47  ADC1_IRQHandler                      
00003a47  AES_IRQHandler                       
00003a47  CANFD0_IRQHandler                    
00003a47  DAC0_IRQHandler                      
00003a47  DMA_IRQHandler                       
00003a47  Default_Handler                      
00003a47  GROUP0_IRQHandler                    
00003a47  GROUP1_IRQHandler                    
00003a47  HardFault_Handler                    
00003a47  I2C0_IRQHandler                      
00003a47  I2C1_IRQHandler                      
00003a47  NMI_Handler                          
00003a47  PendSV_Handler                       
00003a47  RTC_IRQHandler                       
00003a47  SPI0_IRQHandler                      
00003a47  SPI1_IRQHandler                      
00003a47  SVC_Handler                          
00003a47  SysTick_Handler                      
00003a47  TIMG0_IRQHandler                     
00003a47  TIMG12_IRQHandler                    
00003a47  UART1_IRQHandler                     
00003a47  UART2_IRQHandler                     
00003a47  UART3_IRQHandler                     
00003a49  strtoull                             
00003bb5  DCMotor_SetDuty                      
00003d09  delay_ms                             
00003fa5  strtol                               
00004225  Serial0_SendStringBlocking           
00004355  strtoul                              
00004481  UART0_IRQHandler                     
000045a5  OLED_SetCursor                       
000047e5  DL_Timer_initCaptureMode             
00004901  __aeabi_ddiv                         
00004901  __divdf3                             
00004a0d  DL_Timer_initFourCCPWMMode           
00004b11  DL_Timer_initTimerMode               
00004c0d  Serial0_SendString                   
00004e05  SYSCFG_DL_GPIO_init                  
00004eed  __aeabi_dmul                         
00004eed  __muldf3                             
00004fd1  DL_SYSCTL_configSYSPLL               
000050ad  ldexp                                
000050ad  ldexpl                               
000050ad  scalbn                               
000050ad  scalbnl                              
00005185  __aeabi_fsub                         
00005185  __subsf3                             
0000518f  __addsf3                             
0000518f  __aeabi_fadd                         
0000525d  PID_Calculate_Step                   
00005313  __aeabi_idiv0                        
00005315  SYSCFG_DL_I2C_OLED_init              
000053c1  __udivmoddi4                         
00005463  __aeabi_ldiv0                        
00005465  SYSCFG_DL_initPower                  
00005505  memcpy                               
000055a1  SYSCFG_DL_DC_Motor_PWM_init          
00005635  SYSCFG_DL_SYSCTL_init                
000056c9  TIMA1_IRQHandler                     
0000575d  TIMG6_IRQHandler                     
000057f1  encoder_init                         
00005885  SYSCFG_DL_UART_0_init                
00005915  __aeabi_fmul                         
00005915  __mulsf3                             
000059a1  strcmp                               
00005a29  Serial0_Init                         
00005aad  __aeabi_fdiv                         
00005aad  __divsf3                             
00005b31  __TI_decompress_lzss                 
00005bad  __gedf2                              
00005bad  __gtdf2                              
00005c21  __aeabi_d2f                          
00005c21  __truncdfsf2                         
00005d09  DCMotor_Enable                       
00005d79  SYSCFG_DL_init                       
00005de9  __cmpdf2                             
00005de9  __eqdf2                              
00005de9  __ledf2                              
00005de9  __ltdf2                              
00005de9  __nedf2                              
00005eb9  DCMotor_Init                         
00005f1d  DL_SYSCTL_setHFCLKSourceHFXTParams   
00005f81  __aeabi_dcmpeq                       
00005f95  __aeabi_dcmplt                       
00005fa9  __aeabi_dcmple                       
00005fbd  __aeabi_dcmpge                       
00005fd1  __aeabi_dcmpgt                       
00005fe5  __aeabi_fcmpeq                       
00005ff9  __aeabi_fcmplt                       
0000600d  __aeabi_fcmple                       
00006021  __aeabi_fcmpge                       
00006035  __aeabi_fcmpgt                       
00006047  delay_us                             
000060a9  memset                               
0000610d  Key_Tick                             
0000616d  DL_I2C_fillControllerTXFIFO          
000061cd  frexp                                
000061cd  frexpl                               
00006229  TIMA0_IRQHandler                     
00006281  __TI_ltoa                            
00006331  __aeabi_idiv                         
00006331  __aeabi_idivmod                      
00006389  PID_Init                             
000063dd  SYSCFG_DL_I2C_GRAYSCALE_init         
00006485  DL_DMA_initChannel                   
000064d1  SYSCFG_DL_SPI_0_init                 
0000651d  snprintf                             
00006569  __aeabi_d2iz                         
00006569  __fixdfsi                            
000065b5  DL_UART_init                         
000065fd  DL_SPI_init                          
00006641  DL_SYSCTL_switchMCLKfromSYSOSCtoHSCLK
00006685  __aeabi_uidiv                        
00006685  __aeabi_uidivmod                     
000066c5  __aeabi_f2d                          
000066c5  __extendsfdf2                        
00006705  atoi                                 
00006745  DL_I2C_flushControllerTXFIFO         
00006781  SYSCFG_DL_E1A_init                   
000067bd  SYSCFG_DL_E1B_init                   
000067f9  SYSCFG_DL_E2A_init                   
00006835  SYSCFG_DL_E2B_init                   
00006871  __aeabi_i2f                          
00006871  __floatsisf                          
000068ad  __gesf2                              
000068ad  __gtsf2                              
000068e9  grayscale_byte_to_sensor_array       
00006925  __TI_auto_init_nobinit_nopinit       
00006961  __cmpsf2                             
00006961  __eqsf2                              
00006961  __lesf2                              
00006961  __ltsf2                              
00006961  __nesf2                              
0000699d  __muldsi3                            
000069d9  SYSCFG_DL_TIMER_FOR_1MS_init         
00006a11  __aeabi_f2iz                         
00006a11  __fixsfsi                            
00006a49  IIC_Get_Digtal_Ex                    
00006a7d  DL_I2C_flushControllerRXFIFO         
00006b3d  sscanf                               
00006b6d  __aeabi_i2d                          
00006b6d  __floatsidf                          
00006b99  vsprintf                             
00006bc5  OLED_Printf                          
00006bed  SYSCFG_DL_SYSCTL_CLK_init            
00006c15  _c_int00_noargs                      
00006c3d  DL_I2C_setClockConfig                
00006c65  DCMotor_DirectionString              
00006c89  __aeabi_lmul                         
00006c89  __muldi3                             
00006cad  memccpy                              
00006cd1  PID_Reset                            
00006cf1  __aeabi_llsl                         
00006cf1  __ashldi3                            
00006d11  DCMotor_GetStatus                    
00006d2d  DL_SYSCTL_configFCC                  
00006d49  DL_Timer_setCaptCompUpdateMethod     
00006d65  DL_Timer_setClockConfig              
00006d81  DL_Timer_setCaptureCompareOutCtl     
00006d99  IIC_Set_Channel_Enable               
00006db1  PID_SetParameters                    
00006dc9  SYSCFG_DL_DMA_CH0_init               
00006de1  SYSCFG_DL_DMA_CH1_init               
00006e29  IIC_Probe                            
00006e3d  OLED_Clear                           
00006e51  __aeabi_uldivmod                     
00006e8d  DL_SPI_setClockConfig                
00006e9f  DL_UART_setClockConfig               
00006eb1  __TI_decompress_none                 
00006ec5  DL_Timer_setCaptureCompareValue      
00006ed5  Key_GetNum                           
00006ee5  wcslen                               
00006ef5  __TI_zero_init                       
00006f31  __aeabi_memset                       
00006f31  __aeabi_memset4                      
00006f31  __aeabi_memset8                      
00006f4d  SYSCFG_DL_DMA_init                   
00006f59  TIMG7_IRQHandler                     
00006f65  TIMG8_IRQHandler                     
00006f71  __aeabi_memclr                       
00006f71  __aeabi_memclr4                      
00006f71  __aeabi_memclr8                      
00006f7d  encoder_get_left_speed_mps           
00006f89  encoder_get_right_speed_mps          
00006f95  DL_Common_delayCycles                
00006ff5  __aeabi_errno_addr                   
00006ffd  __aeabi_memcpy                       
00006ffd  __aeabi_memcpy4                      
00006ffd  __aeabi_memcpy8                      
00007013  abort                                
00007018  C$$EXIT                              
00007019  HOSTexit                             
0000701d  Reset_Handler                        
00007021  _system_pre_init                     
00007030  OLED_F8x16                           
00007620  OLED_CF16x16                         
00007929  OLED_F6x8                            
00007b70  __aeabi_ctype_table_                 
00007b70  __aeabi_ctype_table_C                
00007f88  __TI_Handler_Table_Base              
00007f94  __TI_Handler_Table_Limit             
00007f9c  __TI_CINIT_Base                      
00007fac  __TI_CINIT_Limit                     
00007fac  __TI_CINIT_Warm                      
20200000  OLED_DisplayBuf                      
20200000  __start___llvm_prf_bits              
20200000  __start___llvm_prf_cnts              
20200000  __stop___llvm_prf_bits               
20200000  __stop___llvm_prf_cnts               
20200600  gE1BBackup                           
202006bc  gTIMER_FOR_1MSBackup                 
20200778  gE2ABackup                           
20200818  gE2BBackup                           
202008b8  Serial0_RxPacket                     
20200938  PID_Left_Speed                       
20200964  PID_Right_Speed                      
20200990  gSPI_0Backup                         
202009b8  sensor                               
202009d0  __aeabi_errno                        
202009fd  Serial0_RxFlag                       
20207e00  __stack                              
20208000  __STACK_END                          
ffffffff  __TI_pprof_out_hndl                  
ffffffff  __TI_prof_data_size                  
ffffffff  __TI_prof_data_start                 
ffffffff  __binit__                            
ffffffff  binit                                
UNDEFED   __mpu_init                           
UNDEFED   _system_post_cinit                   

[257 symbols]
