<?xml version="1.0" encoding="ISO-8859-1" ?>
<link_info>
   <banner>TI ARM Clang Linker PC v4.0.4.LTS</banner>
   <copyright>Copyright (c) 1996-2018 Texas Instruments Incorporated</copyright>
   <command_line>D:\ccs20.5\ccs\tools\compiler\ti-cgt-armllvm_4.0.4.LTS\bin\tiarmlnk -ID:\ccs20.5\ccs\tools\compiler\ti-cgt-armllvm_4.0.4.LTS\lib -o 2025_shaoxing_D_question.out -m2025_shaoxing_D_question.map -iD:/ccs20.5/mspm0_sdk_2_10_00_04/source -iC:/Users/wcx12/workspace_ccstheia/2025_shaoxing_D_question -iC:/Users/wcx12/workspace_ccstheia/2025_shaoxing_D_question/Debug/syscfg -iD:/ccs20.5/ccs/tools/compiler/ti-cgt-armllvm_4.0.4.LTS/lib --diag_wrap=off --display_error_number --warn_sections --xml_link_info=2025_shaoxing_D_question_linkInfo.xml --rom_model ./main.o ./ti_msp_dl_config.o ./startup_mspm0g350x_ticlang.o ./icode/MahonyAHRS.o ./icode/OLED.o ./icode/OLED_Data.o ./icode/Serial.o ./icode/dc_motor.o ./icode/delay.o ./icode/encoder.o ./icode/grayscale_sensor.o ./icode/icm42688_driver.o ./icode/key.o ./icode/pid.o -l./device_linker.cmd -ldevice.cmd.genlibs -llibc.a --start-group -llibc++.a -llibc++abi.a -llibc.a -llibsys.a -llibsysbm.a -llibclang_rt.builtins.a -llibclang_rt.profile.a --end-group --cg_opt_level=2</command_line>
   <link_time>0x69cfcf19</link_time>
   <link_errors>0x0</link_errors>
   <output_file>C:\Users\wcx12\workspace_ccstheia\2025_shaoxing_D_question\Debug\2025_shaoxing_D_question.out</output_file>
   <entry_point>
      <name>_c_int00_noargs</name>
      <address>0x6c15</address>
   </entry_point>
   <input_file_list>
      <input_file id="fl-1">
         <path>C:\Users\wcx12\workspace_ccstheia\2025_shaoxing_D_question\Debug\.\</path>
         <kind>object</kind>
         <file>main.o</file>
         <name>main.o</name>
      </input_file>
      <input_file id="fl-2">
         <path>C:\Users\wcx12\workspace_ccstheia\2025_shaoxing_D_question\Debug\.\</path>
         <kind>object</kind>
         <file>ti_msp_dl_config.o</file>
         <name>ti_msp_dl_config.o</name>
      </input_file>
      <input_file id="fl-3">
         <path>C:\Users\wcx12\workspace_ccstheia\2025_shaoxing_D_question\Debug\.\</path>
         <kind>object</kind>
         <file>startup_mspm0g350x_ticlang.o</file>
         <name>startup_mspm0g350x_ticlang.o</name>
      </input_file>
      <input_file id="fl-4">
         <path>C:\Users\wcx12\workspace_ccstheia\2025_shaoxing_D_question\Debug\.\icode\</path>
         <kind>object</kind>
         <file>MahonyAHRS.o</file>
         <name>MahonyAHRS.o</name>
      </input_file>
      <input_file id="fl-5">
         <path>C:\Users\wcx12\workspace_ccstheia\2025_shaoxing_D_question\Debug\.\icode\</path>
         <kind>object</kind>
         <file>OLED.o</file>
         <name>OLED.o</name>
      </input_file>
      <input_file id="fl-6">
         <path>C:\Users\wcx12\workspace_ccstheia\2025_shaoxing_D_question\Debug\.\icode\</path>
         <kind>object</kind>
         <file>OLED_Data.o</file>
         <name>OLED_Data.o</name>
      </input_file>
      <input_file id="fl-7">
         <path>C:\Users\wcx12\workspace_ccstheia\2025_shaoxing_D_question\Debug\.\icode\</path>
         <kind>object</kind>
         <file>Serial.o</file>
         <name>Serial.o</name>
      </input_file>
      <input_file id="fl-8">
         <path>C:\Users\wcx12\workspace_ccstheia\2025_shaoxing_D_question\Debug\.\icode\</path>
         <kind>object</kind>
         <file>dc_motor.o</file>
         <name>dc_motor.o</name>
      </input_file>
      <input_file id="fl-9">
         <path>C:\Users\wcx12\workspace_ccstheia\2025_shaoxing_D_question\Debug\.\icode\</path>
         <kind>object</kind>
         <file>delay.o</file>
         <name>delay.o</name>
      </input_file>
      <input_file id="fl-a">
         <path>C:\Users\wcx12\workspace_ccstheia\2025_shaoxing_D_question\Debug\.\icode\</path>
         <kind>object</kind>
         <file>encoder.o</file>
         <name>encoder.o</name>
      </input_file>
      <input_file id="fl-b">
         <path>C:\Users\wcx12\workspace_ccstheia\2025_shaoxing_D_question\Debug\.\icode\</path>
         <kind>object</kind>
         <file>grayscale_sensor.o</file>
         <name>grayscale_sensor.o</name>
      </input_file>
      <input_file id="fl-c">
         <path>C:\Users\wcx12\workspace_ccstheia\2025_shaoxing_D_question\Debug\.\icode\</path>
         <kind>object</kind>
         <file>icm42688_driver.o</file>
         <name>icm42688_driver.o</name>
      </input_file>
      <input_file id="fl-d">
         <path>C:\Users\wcx12\workspace_ccstheia\2025_shaoxing_D_question\Debug\.\icode\</path>
         <kind>object</kind>
         <file>key.o</file>
         <name>key.o</name>
      </input_file>
      <input_file id="fl-e">
         <path>C:\Users\wcx12\workspace_ccstheia\2025_shaoxing_D_question\Debug\.\icode\</path>
         <kind>object</kind>
         <file>pid.o</file>
         <name>pid.o</name>
      </input_file>
      <input_file id="fl-1b">
         <path>C:\Users\wcx12\workspace_ccstheia\2025_shaoxing_D_question\Debug\</path>
         <kind>object</kind>
         <file>&lt;internal&gt;</file>
         <name>&lt;internal&gt;</name>
      </input_file>
      <input_file id="fl-1c">
         <path>D:\ccs20.5\mspm0_sdk_2_10_00_04\source\ti\driverlib\lib\ticlang\m0p\mspm0g1x0x_g3x0x\</path>
         <kind>archive</kind>
         <file>driverlib.a</file>
         <name>dl_common.o</name>
      </input_file>
      <input_file id="fl-1d">
         <path>D:\ccs20.5\mspm0_sdk_2_10_00_04\source\ti\driverlib\lib\ticlang\m0p\mspm0g1x0x_g3x0x\</path>
         <kind>archive</kind>
         <file>driverlib.a</file>
         <name>dl_dma.o</name>
      </input_file>
      <input_file id="fl-1e">
         <path>D:\ccs20.5\mspm0_sdk_2_10_00_04\source\ti\driverlib\lib\ticlang\m0p\mspm0g1x0x_g3x0x\</path>
         <kind>archive</kind>
         <file>driverlib.a</file>
         <name>dl_i2c.o</name>
      </input_file>
      <input_file id="fl-1f">
         <path>D:\ccs20.5\mspm0_sdk_2_10_00_04\source\ti\driverlib\lib\ticlang\m0p\mspm0g1x0x_g3x0x\</path>
         <kind>archive</kind>
         <file>driverlib.a</file>
         <name>dl_spi.o</name>
      </input_file>
      <input_file id="fl-20">
         <path>D:\ccs20.5\mspm0_sdk_2_10_00_04\source\ti\driverlib\lib\ticlang\m0p\mspm0g1x0x_g3x0x\</path>
         <kind>archive</kind>
         <file>driverlib.a</file>
         <name>dl_timer.o</name>
      </input_file>
      <input_file id="fl-21">
         <path>D:\ccs20.5\mspm0_sdk_2_10_00_04\source\ti\driverlib\lib\ticlang\m0p\mspm0g1x0x_g3x0x\</path>
         <kind>archive</kind>
         <file>driverlib.a</file>
         <name>dl_uart.o</name>
      </input_file>
      <input_file id="fl-22">
         <path>D:\ccs20.5\mspm0_sdk_2_10_00_04\source\ti\driverlib\lib\ticlang\m0p\mspm0g1x0x_g3x0x\</path>
         <kind>archive</kind>
         <file>driverlib.a</file>
         <name>dl_sysctl_mspm0g1x0x_g3x0x.o</name>
      </input_file>
      <input_file id="fl-39">
         <path>D:\ccs20.5\ccs\tools\compiler\ti-cgt-armllvm_4.0.4.LTS\lib\armv6m-ti-none-eabi\c\</path>
         <kind>archive</kind>
         <file>libc.a</file>
         <name>e_atan2.c.obj</name>
      </input_file>
      <input_file id="fl-3a">
         <path>D:\ccs20.5\ccs\tools\compiler\ti-cgt-armllvm_4.0.4.LTS\lib\armv6m-ti-none-eabi\c\</path>
         <kind>archive</kind>
         <file>libc.a</file>
         <name>s_atan.c.obj</name>
      </input_file>
      <input_file id="fl-3b">
         <path>D:\ccs20.5\ccs\tools\compiler\ti-cgt-armllvm_4.0.4.LTS\lib\armv6m-ti-none-eabi\c\</path>
         <kind>archive</kind>
         <file>libc.a</file>
         <name>s_round.c.obj</name>
      </input_file>
      <input_file id="fl-3c">
         <path>D:\ccs20.5\ccs\tools\compiler\ti-cgt-armllvm_4.0.4.LTS\lib\armv6m-ti-none-eabi\c\</path>
         <kind>archive</kind>
         <file>libc.a</file>
         <name>e_asinf.c.obj</name>
      </input_file>
      <input_file id="fl-3d">
         <path>D:\ccs20.5\ccs\tools\compiler\ti-cgt-armllvm_4.0.4.LTS\lib\armv6m-ti-none-eabi\c\</path>
         <kind>archive</kind>
         <file>libc.a</file>
         <name>e_atan2f.c.obj</name>
      </input_file>
      <input_file id="fl-3e">
         <path>D:\ccs20.5\ccs\tools\compiler\ti-cgt-armllvm_4.0.4.LTS\lib\armv6m-ti-none-eabi\c\</path>
         <kind>archive</kind>
         <file>libc.a</file>
         <name>e_sqrtf.c.obj</name>
      </input_file>
      <input_file id="fl-3f">
         <path>D:\ccs20.5\ccs\tools\compiler\ti-cgt-armllvm_4.0.4.LTS\lib\armv6m-ti-none-eabi\c\</path>
         <kind>archive</kind>
         <file>libc.a</file>
         <name>s_atanf.c.obj</name>
      </input_file>
      <input_file id="fl-40">
         <path>D:\ccs20.5\ccs\tools\compiler\ti-cgt-armllvm_4.0.4.LTS\lib\armv6m-ti-none-eabi\c\</path>
         <kind>archive</kind>
         <file>libc.a</file>
         <name>s_cosf.c.obj</name>
      </input_file>
      <input_file id="fl-41">
         <path>D:\ccs20.5\ccs\tools\compiler\ti-cgt-armllvm_4.0.4.LTS\lib\armv6m-ti-none-eabi\c\</path>
         <kind>archive</kind>
         <file>libc.a</file>
         <name>s_sinf.c.obj</name>
      </input_file>
      <input_file id="fl-42">
         <path>D:\ccs20.5\ccs\tools\compiler\ti-cgt-armllvm_4.0.4.LTS\lib\armv6m-ti-none-eabi\c\</path>
         <kind>archive</kind>
         <file>libc.a</file>
         <name>snprintf.c.obj</name>
      </input_file>
      <input_file id="fl-43">
         <path>D:\ccs20.5\ccs\tools\compiler\ti-cgt-armllvm_4.0.4.LTS\lib\armv6m-ti-none-eabi\c\</path>
         <kind>archive</kind>
         <file>libc.a</file>
         <name>vsnprintf.c.obj</name>
      </input_file>
      <input_file id="fl-44">
         <path>D:\ccs20.5\ccs\tools\compiler\ti-cgt-armllvm_4.0.4.LTS\lib\armv6m-ti-none-eabi\c\</path>
         <kind>archive</kind>
         <file>libc.a</file>
         <name>vsprintf.c.obj</name>
      </input_file>
      <input_file id="fl-45">
         <path>D:\ccs20.5\ccs\tools\compiler\ti-cgt-armllvm_4.0.4.LTS\lib\armv6m-ti-none-eabi\c\</path>
         <kind>archive</kind>
         <file>libc.a</file>
         <name>sscanf.c.obj</name>
      </input_file>
      <input_file id="fl-46">
         <path>D:\ccs20.5\ccs\tools\compiler\ti-cgt-armllvm_4.0.4.LTS\lib\armv6m-ti-none-eabi\c\</path>
         <kind>archive</kind>
         <file>libc.a</file>
         <name>aeabi_ctype.S.obj</name>
      </input_file>
      <input_file id="fl-47">
         <path>D:\ccs20.5\ccs\tools\compiler\ti-cgt-armllvm_4.0.4.LTS\lib\armv6m-ti-none-eabi\c\</path>
         <kind>archive</kind>
         <file>libc.a</file>
         <name>strcmp-armv6m.S.obj</name>
      </input_file>
      <input_file id="fl-48">
         <path>D:\ccs20.5\ccs\tools\compiler\ti-cgt-armllvm_4.0.4.LTS\lib\armv6m-ti-none-eabi\c\</path>
         <kind>archive</kind>
         <file>libc.a</file>
         <name>aeabi_portable.c.obj</name>
      </input_file>
      <input_file id="fl-49">
         <path>D:\ccs20.5\ccs\tools\compiler\ti-cgt-armllvm_4.0.4.LTS\lib\armv6m-ti-none-eabi\c\</path>
         <kind>archive</kind>
         <file>libc.a</file>
         <name>k_rem_pio2.c.obj</name>
      </input_file>
      <input_file id="fl-4a">
         <path>D:\ccs20.5\ccs\tools\compiler\ti-cgt-armllvm_4.0.4.LTS\lib\armv6m-ti-none-eabi\c\</path>
         <kind>archive</kind>
         <file>libc.a</file>
         <name>assert.c.obj</name>
      </input_file>
      <input_file id="fl-4b">
         <path>D:\ccs20.5\ccs\tools\compiler\ti-cgt-armllvm_4.0.4.LTS\lib\armv6m-ti-none-eabi\c\</path>
         <kind>archive</kind>
         <file>libc.a</file>
         <name>defs.c.obj</name>
      </input_file>
      <input_file id="fl-4c">
         <path>D:\ccs20.5\ccs\tools\compiler\ti-cgt-armllvm_4.0.4.LTS\lib\armv6m-ti-none-eabi\c\</path>
         <kind>archive</kind>
         <file>libc.a</file>
         <name>memory.c.obj</name>
      </input_file>
      <input_file id="fl-4d">
         <path>D:\ccs20.5\ccs\tools\compiler\ti-cgt-armllvm_4.0.4.LTS\lib\armv6m-ti-none-eabi\c\</path>
         <kind>archive</kind>
         <file>libc.a</file>
         <name>boot_cortex_m.c.obj</name>
      </input_file>
      <input_file id="fl-4e">
         <path>D:\ccs20.5\ccs\tools\compiler\ti-cgt-armllvm_4.0.4.LTS\lib\armv6m-ti-none-eabi\c\</path>
         <kind>archive</kind>
         <file>libc.a</file>
         <name>mathacl_init.c.obj</name>
      </input_file>
      <input_file id="fl-4f">
         <path>D:\ccs20.5\ccs\tools\compiler\ti-cgt-armllvm_4.0.4.LTS\lib\armv6m-ti-none-eabi\c\</path>
         <kind>archive</kind>
         <file>libc.a</file>
         <name>autoinit.c.obj</name>
      </input_file>
      <input_file id="fl-50">
         <path>D:\ccs20.5\ccs\tools\compiler\ti-cgt-armllvm_4.0.4.LTS\lib\armv6m-ti-none-eabi\c\</path>
         <kind>archive</kind>
         <file>libc.a</file>
         <name>pre_init.c.obj</name>
      </input_file>
      <input_file id="fl-51">
         <path>D:\ccs20.5\ccs\tools\compiler\ti-cgt-armllvm_4.0.4.LTS\lib\armv6m-ti-none-eabi\c\</path>
         <kind>archive</kind>
         <file>libc.a</file>
         <name>cpy_tbl.c.obj</name>
      </input_file>
      <input_file id="fl-52">
         <path>D:\ccs20.5\ccs\tools\compiler\ti-cgt-armllvm_4.0.4.LTS\lib\armv6m-ti-none-eabi\c\</path>
         <kind>archive</kind>
         <file>libc.a</file>
         <name>copy_zero_init.c.obj</name>
      </input_file>
      <input_file id="fl-53">
         <path>D:\ccs20.5\ccs\tools\compiler\ti-cgt-armllvm_4.0.4.LTS\lib\armv6m-ti-none-eabi\c\</path>
         <kind>archive</kind>
         <file>libc.a</file>
         <name>copy_decompress_none.c.obj</name>
      </input_file>
      <input_file id="fl-54">
         <path>D:\ccs20.5\ccs\tools\compiler\ti-cgt-armllvm_4.0.4.LTS\lib\armv6m-ti-none-eabi\c\</path>
         <kind>archive</kind>
         <file>libc.a</file>
         <name>copy_decompress_lzss.c.obj</name>
      </input_file>
      <input_file id="fl-55">
         <path>D:\ccs20.5\ccs\tools\compiler\ti-cgt-armllvm_4.0.4.LTS\lib\armv6m-ti-none-eabi\c\</path>
         <kind>archive</kind>
         <file>libc.a</file>
         <name>e_sqrt.c.obj</name>
      </input_file>
      <input_file id="fl-56">
         <path>D:\ccs20.5\ccs\tools\compiler\ti-cgt-armllvm_4.0.4.LTS\lib\armv6m-ti-none-eabi\c\</path>
         <kind>archive</kind>
         <file>libc.a</file>
         <name>s_floor.c.obj</name>
      </input_file>
      <input_file id="fl-57">
         <path>D:\ccs20.5\ccs\tools\compiler\ti-cgt-armllvm_4.0.4.LTS\lib\armv6m-ti-none-eabi\c\</path>
         <kind>archive</kind>
         <file>libc.a</file>
         <name>s_scalbn.c.obj</name>
      </input_file>
      <input_file id="fl-58">
         <path>D:\ccs20.5\ccs\tools\compiler\ti-cgt-armllvm_4.0.4.LTS\lib\armv6m-ti-none-eabi\c\</path>
         <kind>archive</kind>
         <file>libc.a</file>
         <name>_printfi.c.obj</name>
      </input_file>
      <input_file id="fl-59">
         <path>D:\ccs20.5\ccs\tools\compiler\ti-cgt-armllvm_4.0.4.LTS\lib\armv6m-ti-none-eabi\c\</path>
         <kind>archive</kind>
         <file>libc.a</file>
         <name>sprintf.c.obj</name>
      </input_file>
      <input_file id="fl-5a">
         <path>D:\ccs20.5\ccs\tools\compiler\ti-cgt-armllvm_4.0.4.LTS\lib\armv6m-ti-none-eabi\c\</path>
         <kind>archive</kind>
         <file>libc.a</file>
         <name>_scanfi.c.obj</name>
      </input_file>
      <input_file id="fl-5b">
         <path>D:\ccs20.5\ccs\tools\compiler\ti-cgt-armllvm_4.0.4.LTS\lib\armv6m-ti-none-eabi\c\</path>
         <kind>archive</kind>
         <file>libc.a</file>
         <name>fflush.c.obj</name>
      </input_file>
      <input_file id="fl-5c">
         <path>D:\ccs20.5\ccs\tools\compiler\ti-cgt-armllvm_4.0.4.LTS\lib\armv6m-ti-none-eabi\c\</path>
         <kind>archive</kind>
         <file>libc.a</file>
         <name>fputs.c.obj</name>
      </input_file>
      <input_file id="fl-5d">
         <path>D:\ccs20.5\ccs\tools\compiler\ti-cgt-armllvm_4.0.4.LTS\lib\armv6m-ti-none-eabi\c\</path>
         <kind>archive</kind>
         <file>libc.a</file>
         <name>_io_perm.c.obj</name>
      </input_file>
      <input_file id="fl-5e">
         <path>D:\ccs20.5\ccs\tools\compiler\ti-cgt-armllvm_4.0.4.LTS\lib\armv6m-ti-none-eabi\c\</path>
         <kind>archive</kind>
         <file>libc.a</file>
         <name>setvbuf.c.obj</name>
      </input_file>
      <input_file id="fl-5f">
         <path>D:\ccs20.5\ccs\tools\compiler\ti-cgt-armllvm_4.0.4.LTS\lib\armv6m-ti-none-eabi\c\</path>
         <kind>archive</kind>
         <file>libc.a</file>
         <name>exit.c.obj</name>
      </input_file>
      <input_file id="fl-60">
         <path>D:\ccs20.5\ccs\tools\compiler\ti-cgt-armllvm_4.0.4.LTS\lib\armv6m-ti-none-eabi\c\</path>
         <kind>archive</kind>
         <file>libc.a</file>
         <name>_lock.c.obj</name>
      </input_file>
      <input_file id="fl-61">
         <path>D:\ccs20.5\ccs\tools\compiler\ti-cgt-armllvm_4.0.4.LTS\lib\armv6m-ti-none-eabi\c\</path>
         <kind>archive</kind>
         <file>libc.a</file>
         <name>_ltoa.c.obj</name>
      </input_file>
      <input_file id="fl-62">
         <path>D:\ccs20.5\ccs\tools\compiler\ti-cgt-armllvm_4.0.4.LTS\lib\armv6m-ti-none-eabi\c\</path>
         <kind>archive</kind>
         <file>libc.a</file>
         <name>args_main.c.obj</name>
      </input_file>
      <input_file id="fl-63">
         <path>D:\ccs20.5\ccs\tools\compiler\ti-cgt-armllvm_4.0.4.LTS\lib\armv6m-ti-none-eabi\c\</path>
         <kind>archive</kind>
         <file>libc.a</file>
         <name>atoi.c.obj</name>
      </input_file>
      <input_file id="fl-64">
         <path>D:\ccs20.5\ccs\tools\compiler\ti-cgt-armllvm_4.0.4.LTS\lib\armv6m-ti-none-eabi\c\</path>
         <kind>archive</kind>
         <file>libc.a</file>
         <name>memccpy.c.obj</name>
      </input_file>
      <input_file id="fl-65">
         <path>D:\ccs20.5\ccs\tools\compiler\ti-cgt-armllvm_4.0.4.LTS\lib\armv6m-ti-none-eabi\c\</path>
         <kind>archive</kind>
         <file>libc.a</file>
         <name>strtod.c.obj</name>
      </input_file>
      <input_file id="fl-66">
         <path>D:\ccs20.5\ccs\tools\compiler\ti-cgt-armllvm_4.0.4.LTS\lib\armv6m-ti-none-eabi\c\</path>
         <kind>archive</kind>
         <file>libc.a</file>
         <name>strtol.c.obj</name>
      </input_file>
      <input_file id="fl-67">
         <path>D:\ccs20.5\ccs\tools\compiler\ti-cgt-armllvm_4.0.4.LTS\lib\armv6m-ti-none-eabi\c\</path>
         <kind>archive</kind>
         <file>libc.a</file>
         <name>strtoll.c.obj</name>
      </input_file>
      <input_file id="fl-68">
         <path>D:\ccs20.5\ccs\tools\compiler\ti-cgt-armllvm_4.0.4.LTS\lib\armv6m-ti-none-eabi\c\</path>
         <kind>archive</kind>
         <file>libc.a</file>
         <name>strtoul.c.obj</name>
      </input_file>
      <input_file id="fl-69">
         <path>D:\ccs20.5\ccs\tools\compiler\ti-cgt-armllvm_4.0.4.LTS\lib\armv6m-ti-none-eabi\c\</path>
         <kind>archive</kind>
         <file>libc.a</file>
         <name>strtoull.c.obj</name>
      </input_file>
      <input_file id="fl-6a">
         <path>D:\ccs20.5\ccs\tools\compiler\ti-cgt-armllvm_4.0.4.LTS\lib\armv6m-ti-none-eabi\c\</path>
         <kind>archive</kind>
         <file>libc.a</file>
         <name>s_frexp.c.obj</name>
      </input_file>
      <input_file id="fl-6b">
         <path>D:\ccs20.5\ccs\tools\compiler\ti-cgt-armllvm_4.0.4.LTS\lib\armv6m-ti-none-eabi\c\</path>
         <kind>archive</kind>
         <file>libc.a</file>
         <name>wcslen.c.obj</name>
      </input_file>
      <input_file id="fl-6c">
         <path>D:\ccs20.5\ccs\tools\compiler\ti-cgt-armllvm_4.0.4.LTS\lib\armv6m-ti-none-eabi\c\</path>
         <kind>archive</kind>
         <file>libc.a</file>
         <name>fopen.c.obj</name>
      </input_file>
      <input_file id="fl-6d">
         <path>D:\ccs20.5\ccs\tools\compiler\ti-cgt-armllvm_4.0.4.LTS\lib\armv6m-ti-none-eabi\c\</path>
         <kind>archive</kind>
         <file>libc.a</file>
         <name>fseek.c.obj</name>
      </input_file>
      <input_file id="fl-6e">
         <path>D:\ccs20.5\ccs\tools\compiler\ti-cgt-armllvm_4.0.4.LTS\lib\armv6m-ti-none-eabi\c\</path>
         <kind>archive</kind>
         <file>libc.a</file>
         <name>fclose.c.obj</name>
      </input_file>
      <input_file id="fl-10e">
         <path>D:\ccs20.5\ccs\tools\compiler\ti-cgt-armllvm_4.0.4.LTS\lib\armv6m-ti-none-eabi\c\</path>
         <kind>archive</kind>
         <file>libsysbm.a</file>
         <name>hostexit.c.obj</name>
      </input_file>
      <input_file id="fl-10f">
         <path>D:\ccs20.5\ccs\tools\compiler\ti-cgt-armllvm_4.0.4.LTS\lib\armv6m-ti-none-eabi\c\</path>
         <kind>archive</kind>
         <file>libsysbm.a</file>
         <name>write.c.obj</name>
      </input_file>
      <input_file id="fl-110">
         <path>D:\ccs20.5\ccs\tools\compiler\ti-cgt-armllvm_4.0.4.LTS\lib\armv6m-ti-none-eabi\c\</path>
         <kind>archive</kind>
         <file>libsysbm.a</file>
         <name>host_device.c.obj</name>
      </input_file>
      <input_file id="fl-111">
         <path>D:\ccs20.5\ccs\tools\compiler\ti-cgt-armllvm_4.0.4.LTS\lib\armv6m-ti-none-eabi\c\</path>
         <kind>archive</kind>
         <file>libsysbm.a</file>
         <name>remove.c.obj</name>
      </input_file>
      <input_file id="fl-112">
         <path>D:\ccs20.5\ccs\tools\compiler\ti-cgt-armllvm_4.0.4.LTS\lib\armv6m-ti-none-eabi\c\</path>
         <kind>archive</kind>
         <file>libsysbm.a</file>
         <name>open.c.obj</name>
      </input_file>
      <input_file id="fl-113">
         <path>D:\ccs20.5\ccs\tools\compiler\ti-cgt-armllvm_4.0.4.LTS\lib\armv6m-ti-none-eabi\c\</path>
         <kind>archive</kind>
         <file>libsysbm.a</file>
         <name>lseek.c.obj</name>
      </input_file>
      <input_file id="fl-114">
         <path>D:\ccs20.5\ccs\tools\compiler\ti-cgt-armllvm_4.0.4.LTS\lib\armv6m-ti-none-eabi\c\</path>
         <kind>archive</kind>
         <file>libsysbm.a</file>
         <name>close.c.obj</name>
      </input_file>
      <input_file id="fl-115">
         <path>D:\ccs20.5\ccs\tools\compiler\ti-cgt-armllvm_4.0.4.LTS\lib\armv6m-ti-none-eabi\c\</path>
         <kind>archive</kind>
         <file>libsysbm.a</file>
         <name>unlink.c.obj</name>
      </input_file>
      <input_file id="fl-116">
         <path>D:\ccs20.5\ccs\tools\compiler\ti-cgt-armllvm_4.0.4.LTS\lib\armv6m-ti-none-eabi\c\</path>
         <kind>archive</kind>
         <file>libsysbm.a</file>
         <name>hostclose.c.obj</name>
      </input_file>
      <input_file id="fl-117">
         <path>D:\ccs20.5\ccs\tools\compiler\ti-cgt-armllvm_4.0.4.LTS\lib\armv6m-ti-none-eabi\c\</path>
         <kind>archive</kind>
         <file>libsysbm.a</file>
         <name>hostlseek.c.obj</name>
      </input_file>
      <input_file id="fl-118">
         <path>D:\ccs20.5\ccs\tools\compiler\ti-cgt-armllvm_4.0.4.LTS\lib\armv6m-ti-none-eabi\c\</path>
         <kind>archive</kind>
         <file>libsysbm.a</file>
         <name>hostopen.c.obj</name>
      </input_file>
      <input_file id="fl-119">
         <path>D:\ccs20.5\ccs\tools\compiler\ti-cgt-armllvm_4.0.4.LTS\lib\armv6m-ti-none-eabi\c\</path>
         <kind>archive</kind>
         <file>libsysbm.a</file>
         <name>hostread.c.obj</name>
      </input_file>
      <input_file id="fl-11a">
         <path>D:\ccs20.5\ccs\tools\compiler\ti-cgt-armllvm_4.0.4.LTS\lib\armv6m-ti-none-eabi\c\</path>
         <kind>archive</kind>
         <file>libsysbm.a</file>
         <name>hostrename.c.obj</name>
      </input_file>
      <input_file id="fl-11b">
         <path>D:\ccs20.5\ccs\tools\compiler\ti-cgt-armllvm_4.0.4.LTS\lib\armv6m-ti-none-eabi\c\</path>
         <kind>archive</kind>
         <file>libsysbm.a</file>
         <name>hostunlink.c.obj</name>
      </input_file>
      <input_file id="fl-11c">
         <path>D:\ccs20.5\ccs\tools\compiler\ti-cgt-armllvm_4.0.4.LTS\lib\armv6m-ti-none-eabi\c\</path>
         <kind>archive</kind>
         <file>libsysbm.a</file>
         <name>hostwrite.c.obj</name>
      </input_file>
      <input_file id="fl-11d">
         <path>D:\ccs20.5\ccs\tools\compiler\ti-cgt-armllvm_4.0.4.LTS\lib\armv6m-ti-none-eabi\c\</path>
         <kind>archive</kind>
         <file>libsysbm.a</file>
         <name>trgmsg.c.obj</name>
      </input_file>
      <input_file id="fl-11e">
         <path>D:\ccs20.5\ccs\tools\compiler\ti-cgt-armllvm_4.0.4.LTS\lib\armv6m-ti-none-eabi\</path>
         <kind>archive</kind>
         <file>libclang_rt.builtins.a</file>
         <name>addsf3.S.obj</name>
      </input_file>
      <input_file id="fl-11f">
         <path>D:\ccs20.5\ccs\tools\compiler\ti-cgt-armllvm_4.0.4.LTS\lib\armv6m-ti-none-eabi\</path>
         <kind>archive</kind>
         <file>libclang_rt.builtins.a</file>
         <name>adddf3.S.obj</name>
      </input_file>
      <input_file id="fl-120">
         <path>D:\ccs20.5\ccs\tools\compiler\ti-cgt-armllvm_4.0.4.LTS\lib\armv6m-ti-none-eabi\</path>
         <kind>archive</kind>
         <file>libclang_rt.builtins.a</file>
         <name>muldf3.S.obj</name>
      </input_file>
      <input_file id="fl-121">
         <path>D:\ccs20.5\ccs\tools\compiler\ti-cgt-armllvm_4.0.4.LTS\lib\armv6m-ti-none-eabi\</path>
         <kind>archive</kind>
         <file>libclang_rt.builtins.a</file>
         <name>muldsi3.S.obj</name>
      </input_file>
      <input_file id="fl-122">
         <path>D:\ccs20.5\ccs\tools\compiler\ti-cgt-armllvm_4.0.4.LTS\lib\armv6m-ti-none-eabi\</path>
         <kind>archive</kind>
         <file>libclang_rt.builtins.a</file>
         <name>mulsf3.S.obj</name>
      </input_file>
      <input_file id="fl-123">
         <path>D:\ccs20.5\ccs\tools\compiler\ti-cgt-armllvm_4.0.4.LTS\lib\armv6m-ti-none-eabi\</path>
         <kind>archive</kind>
         <file>libclang_rt.builtins.a</file>
         <name>divsf3.S.obj</name>
      </input_file>
      <input_file id="fl-124">
         <path>D:\ccs20.5\ccs\tools\compiler\ti-cgt-armllvm_4.0.4.LTS\lib\armv6m-ti-none-eabi\</path>
         <kind>archive</kind>
         <file>libclang_rt.builtins.a</file>
         <name>divdf3.S.obj</name>
      </input_file>
      <input_file id="fl-125">
         <path>D:\ccs20.5\ccs\tools\compiler\ti-cgt-armllvm_4.0.4.LTS\lib\armv6m-ti-none-eabi\</path>
         <kind>archive</kind>
         <file>libclang_rt.builtins.a</file>
         <name>extendsfdf2.S.obj</name>
      </input_file>
      <input_file id="fl-126">
         <path>D:\ccs20.5\ccs\tools\compiler\ti-cgt-armllvm_4.0.4.LTS\lib\armv6m-ti-none-eabi\</path>
         <kind>archive</kind>
         <file>libclang_rt.builtins.a</file>
         <name>fixdfsi.S.obj</name>
      </input_file>
      <input_file id="fl-127">
         <path>D:\ccs20.5\ccs\tools\compiler\ti-cgt-armllvm_4.0.4.LTS\lib\armv6m-ti-none-eabi\</path>
         <kind>archive</kind>
         <file>libclang_rt.builtins.a</file>
         <name>fixsfsi.S.obj</name>
      </input_file>
      <input_file id="fl-128">
         <path>D:\ccs20.5\ccs\tools\compiler\ti-cgt-armllvm_4.0.4.LTS\lib\armv6m-ti-none-eabi\</path>
         <kind>archive</kind>
         <file>libclang_rt.builtins.a</file>
         <name>fixunsdfsi.S.obj</name>
      </input_file>
      <input_file id="fl-129">
         <path>D:\ccs20.5\ccs\tools\compiler\ti-cgt-armllvm_4.0.4.LTS\lib\armv6m-ti-none-eabi\</path>
         <kind>archive</kind>
         <file>libclang_rt.builtins.a</file>
         <name>floatsidf.S.obj</name>
      </input_file>
      <input_file id="fl-12a">
         <path>D:\ccs20.5\ccs\tools\compiler\ti-cgt-armllvm_4.0.4.LTS\lib\armv6m-ti-none-eabi\</path>
         <kind>archive</kind>
         <file>libclang_rt.builtins.a</file>
         <name>floatsisf.S.obj</name>
      </input_file>
      <input_file id="fl-12b">
         <path>D:\ccs20.5\ccs\tools\compiler\ti-cgt-armllvm_4.0.4.LTS\lib\armv6m-ti-none-eabi\</path>
         <kind>archive</kind>
         <file>libclang_rt.builtins.a</file>
         <name>floatunsidf.S.obj</name>
      </input_file>
      <input_file id="fl-12c">
         <path>D:\ccs20.5\ccs\tools\compiler\ti-cgt-armllvm_4.0.4.LTS\lib\armv6m-ti-none-eabi\</path>
         <kind>archive</kind>
         <file>libclang_rt.builtins.a</file>
         <name>muldi3.S.obj</name>
      </input_file>
      <input_file id="fl-12d">
         <path>D:\ccs20.5\ccs\tools\compiler\ti-cgt-armllvm_4.0.4.LTS\lib\armv6m-ti-none-eabi\</path>
         <kind>archive</kind>
         <file>libclang_rt.builtins.a</file>
         <name>truncdfsf2.S.obj</name>
      </input_file>
      <input_file id="fl-12e">
         <path>D:\ccs20.5\ccs\tools\compiler\ti-cgt-armllvm_4.0.4.LTS\lib\armv6m-ti-none-eabi\</path>
         <kind>archive</kind>
         <file>libclang_rt.builtins.a</file>
         <name>aeabi_dcmp.S.obj</name>
      </input_file>
      <input_file id="fl-12f">
         <path>D:\ccs20.5\ccs\tools\compiler\ti-cgt-armllvm_4.0.4.LTS\lib\armv6m-ti-none-eabi\</path>
         <kind>archive</kind>
         <file>libclang_rt.builtins.a</file>
         <name>aeabi_fcmp.S.obj</name>
      </input_file>
      <input_file id="fl-130">
         <path>D:\ccs20.5\ccs\tools\compiler\ti-cgt-armllvm_4.0.4.LTS\lib\armv6m-ti-none-eabi\</path>
         <kind>archive</kind>
         <file>libclang_rt.builtins.a</file>
         <name>aeabi_idivmod.S.obj</name>
      </input_file>
      <input_file id="fl-131">
         <path>D:\ccs20.5\ccs\tools\compiler\ti-cgt-armllvm_4.0.4.LTS\lib\armv6m-ti-none-eabi\</path>
         <kind>archive</kind>
         <file>libclang_rt.builtins.a</file>
         <name>aeabi_memcpy.S.obj</name>
      </input_file>
      <input_file id="fl-132">
         <path>D:\ccs20.5\ccs\tools\compiler\ti-cgt-armllvm_4.0.4.LTS\lib\armv6m-ti-none-eabi\</path>
         <kind>archive</kind>
         <file>libclang_rt.builtins.a</file>
         <name>aeabi_memset.S.obj</name>
      </input_file>
      <input_file id="fl-133">
         <path>D:\ccs20.5\ccs\tools\compiler\ti-cgt-armllvm_4.0.4.LTS\lib\armv6m-ti-none-eabi\</path>
         <kind>archive</kind>
         <file>libclang_rt.builtins.a</file>
         <name>aeabi_uidivmod.S.obj</name>
      </input_file>
      <input_file id="fl-134">
         <path>D:\ccs20.5\ccs\tools\compiler\ti-cgt-armllvm_4.0.4.LTS\lib\armv6m-ti-none-eabi\</path>
         <kind>archive</kind>
         <file>libclang_rt.builtins.a</file>
         <name>aeabi_uldivmod.S.obj</name>
      </input_file>
      <input_file id="fl-135">
         <path>D:\ccs20.5\ccs\tools\compiler\ti-cgt-armllvm_4.0.4.LTS\lib\armv6m-ti-none-eabi\</path>
         <kind>archive</kind>
         <file>libclang_rt.builtins.a</file>
         <name>comparesf2.S.obj</name>
      </input_file>
      <input_file id="fl-136">
         <path>D:\ccs20.5\ccs\tools\compiler\ti-cgt-armllvm_4.0.4.LTS\lib\armv6m-ti-none-eabi\</path>
         <kind>archive</kind>
         <file>libclang_rt.builtins.a</file>
         <name>udivmoddi4.S.obj</name>
      </input_file>
      <input_file id="fl-137">
         <path>D:\ccs20.5\ccs\tools\compiler\ti-cgt-armllvm_4.0.4.LTS\lib\armv6m-ti-none-eabi\</path>
         <kind>archive</kind>
         <file>libclang_rt.builtins.a</file>
         <name>ashldi3.S.obj</name>
      </input_file>
      <input_file id="fl-138">
         <path>D:\ccs20.5\ccs\tools\compiler\ti-cgt-armllvm_4.0.4.LTS\lib\armv6m-ti-none-eabi\</path>
         <kind>archive</kind>
         <file>libclang_rt.builtins.a</file>
         <name>comparedf2.c.obj</name>
      </input_file>
      <input_file id="fl-139">
         <path>D:\ccs20.5\ccs\tools\compiler\ti-cgt-armllvm_4.0.4.LTS\lib\armv6m-ti-none-eabi\</path>
         <kind>archive</kind>
         <file>libclang_rt.builtins.a</file>
         <name>aeabi_div0.c.obj</name>
      </input_file>
      <input_file id="fl-13a">
         <path>D:\ccs20.5\ccs\tools\compiler\ti-cgt-armllvm_4.0.4.LTS\lib\armv6m-ti-none-eabi\c\</path>
         <kind>archive</kind>
         <file>libc.a</file>
         <name>getdevice.c.obj</name>
      </input_file>
      <input_file id="fl-13b">
         <path>D:\ccs20.5\ccs\tools\compiler\ti-cgt-armllvm_4.0.4.LTS\lib\armv6m-ti-none-eabi\c\</path>
         <kind>archive</kind>
         <file>libc.a</file>
         <name>memcpy16.S.obj</name>
      </input_file>
      <input_file id="fl-13c">
         <path>D:\ccs20.5\ccs\tools\compiler\ti-cgt-armllvm_4.0.4.LTS\lib\armv6m-ti-none-eabi\c\</path>
         <kind>archive</kind>
         <file>libc.a</file>
         <name>memset16.S.obj</name>
      </input_file>
   </input_file_list>
   <object_component_list>
      <object_component id="oc-18">
         <name>.intvecs</name>
         <load_address>0x0</load_address>
         <readonly>true</readonly>
         <run_address>0x0</run_address>
         <size>0xc0</size>
         <alignment>0x4</alignment>
         <input_file_ref idref="fl-3"/>
      </object_component>
      <object_component id="oc-198">
         <name>.text.__TI_scanfi</name>
         <load_address>0xc0</load_address>
         <readonly>true</readonly>
         <executable>true</executable>
         <run_address>0xc0</run_address>
         <size>0xbdc</size>
         <alignment>0x4</alignment>
         <input_file_ref idref="fl-5a"/>
      </object_component>
      <object_component id="oc-d9">
         <name>.text.OLED_Init</name>
         <load_address>0xc9c</load_address>
         <readonly>true</readonly>
         <executable>true</executable>
         <run_address>0xc9c</run_address>
         <size>0xa2c</size>
         <alignment>0x4</alignment>
         <input_file_ref idref="fl-5"/>
      </object_component>
      <object_component id="oc-212">
         <name>.text:__TI_printfi</name>
         <load_address>0x16c8</load_address>
         <readonly>true</readonly>
         <executable>true</executable>
         <run_address>0x16c8</run_address>
         <size>0x9d0</size>
         <alignment>0x4</alignment>
         <input_file_ref idref="fl-58"/>
      </object_component>
      <object_component id="oc-a4">
         <name>.text.main</name>
         <load_address>0x2098</load_address>
         <readonly>true</readonly>
         <executable>true</executable>
         <run_address>0x2098</run_address>
         <size>0x5ec</size>
         <alignment>0x4</alignment>
         <input_file_ref idref="fl-1"/>
      </object_component>
      <object_component id="oc-21f">
         <name>.text.strtod</name>
         <load_address>0x2684</load_address>
         <readonly>true</readonly>
         <executable>true</executable>
         <run_address>0x2684</run_address>
         <size>0x3b8</size>
         <alignment>0x4</alignment>
         <input_file_ref idref="fl-65"/>
      </object_component>
      <object_component id="oc-1c0">
         <name>.text.SYSCFG_DL_SYSCTL_SYSPLL_init</name>
         <load_address>0x2a3c</load_address>
         <readonly>true</readonly>
         <executable>true</executable>
         <run_address>0x2a3c</run_address>
         <size>0x2a8</size>
         <alignment>0x4</alignment>
         <input_file_ref idref="fl-2"/>
      </object_component>
      <object_component id="oc-178">
         <name>.text.OLED_ShowImage</name>
         <load_address>0x2ce4</load_address>
         <readonly>true</readonly>
         <executable>true</executable>
         <run_address>0x2ce4</run_address>
         <size>0x264</size>
         <alignment>0x4</alignment>
         <input_file_ref idref="fl-5"/>
      </object_component>
      <object_component id="oc-278">
         <name>.text._pconv_a</name>
         <load_address>0x2f48</load_address>
         <readonly>true</readonly>
         <executable>true</executable>
         <run_address>0x2f48</run_address>
         <size>0x220</size>
         <alignment>0x4</alignment>
         <input_file_ref idref="fl-58"/>
      </object_component>
      <object_component id="oc-e0">
         <name>.text.OLED_ShowString</name>
         <load_address>0x3168</load_address>
         <readonly>true</readonly>
         <executable>true</executable>
         <run_address>0x3168</run_address>
         <size>0x1f0</size>
         <alignment>0x4</alignment>
         <input_file_ref idref="fl-5"/>
      </object_component>
      <object_component id="oc-236">
         <name>.text.strtoll</name>
         <load_address>0x3358</load_address>
         <readonly>true</readonly>
         <executable>true</executable>
         <run_address>0x3358</run_address>
         <size>0x1e0</size>
         <alignment>0x4</alignment>
         <input_file_ref idref="fl-67"/>
      </object_component>
      <object_component id="oc-27d">
         <name>.text._pconv_g</name>
         <load_address>0x3538</load_address>
         <readonly>true</readonly>
         <executable>true</executable>
         <run_address>0x3538</run_address>
         <size>0x1dc</size>
         <alignment>0x4</alignment>
         <input_file_ref idref="fl-58"/>
      </object_component>
      <object_component id="oc-e1">
         <name>.text.OLED_Update</name>
         <load_address>0x3714</load_address>
         <readonly>true</readonly>
         <executable>true</executable>
         <run_address>0x3714</run_address>
         <size>0x1a0</size>
         <alignment>0x4</alignment>
         <input_file_ref idref="fl-5"/>
      </object_component>
      <object_component id="oc-28b">
         <name>.text.adddf3_subdf3</name>
         <load_address>0x38b4</load_address>
         <readonly>true</readonly>
         <executable>true</executable>
         <run_address>0x38b4</run_address>
         <size>0x192</size>
         <alignment>0x4</alignment>
         <input_file_ref idref="fl-11f"/>
      </object_component>
      <object_component id="oc-33">
         <name>.text.Default_Handler</name>
         <load_address>0x3a46</load_address>
         <readonly>true</readonly>
         <executable>true</executable>
         <run_address>0x3a46</run_address>
         <size>0x2</size>
         <alignment>0x2</alignment>
         <input_file_ref idref="fl-3"/>
      </object_component>
      <object_component id="oc-232">
         <name>.text.strtoull</name>
         <load_address>0x3a48</load_address>
         <readonly>true</readonly>
         <executable>true</executable>
         <run_address>0x3a48</run_address>
         <size>0x16c</size>
         <alignment>0x4</alignment>
         <input_file_ref idref="fl-69"/>
      </object_component>
      <object_component id="oc-d8">
         <name>.text.DCMotor_SetDuty</name>
         <load_address>0x3bb4</load_address>
         <readonly>true</readonly>
         <executable>true</executable>
         <run_address>0x3bb4</run_address>
         <size>0x154</size>
         <alignment>0x4</alignment>
         <input_file_ref idref="fl-8"/>
      </object_component>
      <object_component id="oc-23c">
         <name>.text.delay_ms</name>
         <load_address>0x3d08</load_address>
         <readonly>true</readonly>
         <executable>true</executable>
         <run_address>0x3d08</run_address>
         <size>0x154</size>
         <alignment>0x4</alignment>
         <input_file_ref idref="fl-9"/>
      </object_component>
      <object_component id="oc-17d">
         <name>.text.grayscale_i2c_tx</name>
         <load_address>0x3e5c</load_address>
         <readonly>true</readonly>
         <executable>true</executable>
         <run_address>0x3e5c</run_address>
         <size>0x148</size>
         <alignment>0x4</alignment>
         <input_file_ref idref="fl-b"/>
      </object_component>
      <object_component id="oc-22e">
         <name>.text.strtol</name>
         <load_address>0x3fa4</load_address>
         <readonly>true</readonly>
         <executable>true</executable>
         <run_address>0x3fa4</run_address>
         <size>0x144</size>
         <alignment>0x4</alignment>
         <input_file_ref idref="fl-66"/>
      </object_component>
      <object_component id="oc-2dc">
         <name>.text.fcvt</name>
         <load_address>0x40e8</load_address>
         <readonly>true</readonly>
         <executable>true</executable>
         <run_address>0x40e8</run_address>
         <size>0x13c</size>
         <alignment>0x4</alignment>
         <input_file_ref idref="fl-58"/>
      </object_component>
      <object_component id="oc-10b">
         <name>.text.Serial0_SendStringBlocking</name>
         <load_address>0x4224</load_address>
         <readonly>true</readonly>
         <executable>true</executable>
         <run_address>0x4224</run_address>
         <size>0x130</size>
         <alignment>0x4</alignment>
         <input_file_ref idref="fl-7"/>
      </object_component>
      <object_component id="oc-22a">
         <name>.text.strtoul</name>
         <load_address>0x4354</load_address>
         <readonly>true</readonly>
         <executable>true</executable>
         <run_address>0x4354</run_address>
         <size>0x12c</size>
         <alignment>0x4</alignment>
         <input_file_ref idref="fl-68"/>
      </object_component>
      <object_component id="oc-39">
         <name>.text.UART0_IRQHandler</name>
         <load_address>0x4480</load_address>
         <readonly>true</readonly>
         <executable>true</executable>
         <run_address>0x4480</run_address>
         <size>0x124</size>
         <alignment>0x4</alignment>
         <input_file_ref idref="fl-7"/>
      </object_component>
      <object_component id="oc-170">
         <name>.text.OLED_SetCursor</name>
         <load_address>0x45a4</load_address>
         <readonly>true</readonly>
         <executable>true</executable>
         <run_address>0x45a4</run_address>
         <size>0x120</size>
         <alignment>0x4</alignment>
         <input_file_ref idref="fl-5"/>
      </object_component>
      <object_component id="oc-27f">
         <name>.text._pconv_e</name>
         <load_address>0x46c4</load_address>
         <readonly>true</readonly>
         <executable>true</executable>
         <run_address>0x46c4</run_address>
         <size>0x120</size>
         <alignment>0x4</alignment>
         <input_file_ref idref="fl-58"/>
      </object_component>
      <object_component id="oc-1c9">
         <name>.text.DL_Timer_initCaptureMode</name>
         <load_address>0x47e4</load_address>
         <readonly>true</readonly>
         <executable>true</executable>
         <run_address>0x47e4</run_address>
         <size>0x11c</size>
         <alignment>0x4</alignment>
         <input_file_ref idref="fl-20"/>
      </object_component>
      <object_component id="oc-293">
         <name>.text.__divdf3</name>
         <load_address>0x4900</load_address>
         <readonly>true</readonly>
         <executable>true</executable>
         <run_address>0x4900</run_address>
         <size>0x10c</size>
         <alignment>0x4</alignment>
         <input_file_ref idref="fl-124"/>
      </object_component>
      <object_component id="oc-1c4">
         <name>.text.DL_Timer_initFourCCPWMMode</name>
         <load_address>0x4a0c</load_address>
         <readonly>true</readonly>
         <executable>true</executable>
         <run_address>0x4a0c</run_address>
         <size>0x104</size>
         <alignment>0x4</alignment>
         <input_file_ref idref="fl-20"/>
      </object_component>
      <object_component id="oc-1d2">
         <name>.text.DL_Timer_initTimerMode</name>
         <load_address>0x4b10</load_address>
         <readonly>true</readonly>
         <executable>true</executable>
         <run_address>0x4b10</run_address>
         <size>0xfc</size>
         <alignment>0x4</alignment>
         <input_file_ref idref="fl-20"/>
      </object_component>
      <object_component id="oc-113">
         <name>.text.Serial0_SendString</name>
         <load_address>0x4c0c</load_address>
         <readonly>true</readonly>
         <executable>true</executable>
         <run_address>0x4c0c</run_address>
         <size>0xfc</size>
         <alignment>0x4</alignment>
         <input_file_ref idref="fl-7"/>
      </object_component>
      <object_component id="oc-1a3">
         <name>.text.grayscale_i2c_write_then_read</name>
         <load_address>0x4d08</load_address>
         <readonly>true</readonly>
         <executable>true</executable>
         <run_address>0x4d08</run_address>
         <size>0xfc</size>
         <alignment>0x4</alignment>
         <input_file_ref idref="fl-b"/>
      </object_component>
      <object_component id="oc-140">
         <name>.text.SYSCFG_DL_GPIO_init</name>
         <load_address>0x4e04</load_address>
         <readonly>true</readonly>
         <executable>true</executable>
         <run_address>0x4e04</run_address>
         <size>0xe8</size>
         <alignment>0x4</alignment>
         <input_file_ref idref="fl-2"/>
      </object_component>
      <object_component id="oc-287">
         <name>.text.__muldf3</name>
         <load_address>0x4eec</load_address>
         <readonly>true</readonly>
         <executable>true</executable>
         <run_address>0x4eec</run_address>
         <size>0xe4</size>
         <alignment>0x4</alignment>
         <input_file_ref idref="fl-120"/>
      </object_component>
      <object_component id="oc-1bf">
         <name>.text.DL_SYSCTL_configSYSPLL</name>
         <load_address>0x4fd0</load_address>
         <readonly>true</readonly>
         <executable>true</executable>
         <run_address>0x4fd0</run_address>
         <size>0xdc</size>
         <alignment>0x4</alignment>
         <input_file_ref idref="fl-22"/>
      </object_component>
      <object_component id="oc-28f">
         <name>.text.scalbn</name>
         <load_address>0x50ac</load_address>
         <readonly>true</readonly>
         <executable>true</executable>
         <run_address>0x50ac</run_address>
         <size>0xd8</size>
         <alignment>0x4</alignment>
         <input_file_ref idref="fl-57"/>
      </object_component>
      <object_component id="oc-18a">
         <name>.text</name>
         <load_address>0x5184</load_address>
         <readonly>true</readonly>
         <executable>true</executable>
         <run_address>0x5184</run_address>
         <size>0xd8</size>
         <alignment>0x4</alignment>
         <input_file_ref idref="fl-11e"/>
      </object_component>
      <object_component id="oc-100">
         <name>.text.PID_Calculate_Step</name>
         <load_address>0x525c</load_address>
         <readonly>true</readonly>
         <executable>true</executable>
         <run_address>0x525c</run_address>
         <size>0xb6</size>
         <alignment>0x2</alignment>
         <input_file_ref idref="fl-e"/>
      </object_component>
      <object_component id="oc-1ee">
         <name>.text.__aeabi_idiv0</name>
         <load_address>0x5312</load_address>
         <readonly>true</readonly>
         <executable>true</executable>
         <run_address>0x5312</run_address>
         <size>0x2</size>
         <alignment>0x2</alignment>
         <input_file_ref idref="fl-139"/>
      </object_component>
      <object_component id="oc-148">
         <name>.text.SYSCFG_DL_I2C_OLED_init</name>
         <load_address>0x5314</load_address>
         <readonly>true</readonly>
         <executable>true</executable>
         <run_address>0x5314</run_address>
         <size>0xac</size>
         <alignment>0x4</alignment>
         <input_file_ref idref="fl-2"/>
      </object_component>
      <object_component id="oc-2ba">
         <name>.text</name>
         <load_address>0x53c0</load_address>
         <readonly>true</readonly>
         <executable>true</executable>
         <run_address>0x53c0</run_address>
         <size>0xa2</size>
         <alignment>0x4</alignment>
         <input_file_ref idref="fl-136"/>
      </object_component>
      <object_component id="oc-2e4">
         <name>.text.__aeabi_ldiv0</name>
         <load_address>0x5462</load_address>
         <readonly>true</readonly>
         <executable>true</executable>
         <run_address>0x5462</run_address>
         <size>0x2</size>
         <alignment>0x2</alignment>
         <input_file_ref idref="fl-139"/>
      </object_component>
      <object_component id="oc-13e">
         <name>.text.SYSCFG_DL_initPower</name>
         <load_address>0x5464</load_address>
         <readonly>true</readonly>
         <executable>true</executable>
         <run_address>0x5464</run_address>
         <size>0xa0</size>
         <alignment>0x4</alignment>
         <input_file_ref idref="fl-2"/>
      </object_component>
      <object_component id="oc-c2">
         <name>.text:memcpy</name>
         <load_address>0x5504</load_address>
         <readonly>true</readonly>
         <executable>true</executable>
         <run_address>0x5504</run_address>
         <size>0x9a</size>
         <alignment>0x1</alignment>
         <input_file_ref idref="fl-13b"/>
      </object_component>
      <object_component id="oc-142">
         <name>.text.SYSCFG_DL_DC_Motor_PWM_init</name>
         <load_address>0x55a0</load_address>
         <readonly>true</readonly>
         <executable>true</executable>
         <run_address>0x55a0</run_address>
         <size>0x94</size>
         <alignment>0x4</alignment>
         <input_file_ref idref="fl-2"/>
      </object_component>
      <object_component id="oc-141">
         <name>.text.SYSCFG_DL_SYSCTL_init</name>
         <load_address>0x5634</load_address>
         <readonly>true</readonly>
         <executable>true</executable>
         <run_address>0x5634</run_address>
         <size>0x94</size>
         <alignment>0x4</alignment>
         <input_file_ref idref="fl-2"/>
      </object_component>
      <object_component id="oc-46">
         <name>.text.TIMA1_IRQHandler</name>
         <load_address>0x56c8</load_address>
         <readonly>true</readonly>
         <executable>true</executable>
         <run_address>0x56c8</run_address>
         <size>0x94</size>
         <alignment>0x4</alignment>
         <input_file_ref idref="fl-a"/>
      </object_component>
      <object_component id="oc-3f">
         <name>.text.TIMG6_IRQHandler</name>
         <load_address>0x575c</load_address>
         <readonly>true</readonly>
         <executable>true</executable>
         <run_address>0x575c</run_address>
         <size>0x94</size>
         <alignment>0x4</alignment>
         <input_file_ref idref="fl-a"/>
      </object_component>
      <object_component id="oc-d1">
         <name>.text.encoder_init</name>
         <load_address>0x57f0</load_address>
         <readonly>true</readonly>
         <executable>true</executable>
         <run_address>0x57f0</run_address>
         <size>0x94</size>
         <alignment>0x4</alignment>
         <input_file_ref idref="fl-a"/>
      </object_component>
      <object_component id="oc-14a">
         <name>.text.SYSCFG_DL_UART_0_init</name>
         <load_address>0x5884</load_address>
         <readonly>true</readonly>
         <executable>true</executable>
         <run_address>0x5884</run_address>
         <size>0x90</size>
         <alignment>0x4</alignment>
         <input_file_ref idref="fl-2"/>
      </object_component>
      <object_component id="oc-84">
         <name>.text.__mulsf3</name>
         <load_address>0x5914</load_address>
         <readonly>true</readonly>
         <executable>true</executable>
         <run_address>0x5914</run_address>
         <size>0x8c</size>
         <alignment>0x4</alignment>
         <input_file_ref idref="fl-122"/>
      </object_component>
      <object_component id="oc-174">
         <name>.text:strcmp</name>
         <load_address>0x59a0</load_address>
         <readonly>true</readonly>
         <executable>true</executable>
         <run_address>0x59a0</run_address>
         <size>0x88</size>
         <alignment>0x10</alignment>
         <input_file_ref idref="fl-47"/>
      </object_component>
      <object_component id="oc-ca">
         <name>.text.Serial0_Init</name>
         <load_address>0x5a28</load_address>
         <readonly>true</readonly>
         <executable>true</executable>
         <run_address>0x5a28</run_address>
         <size>0x84</size>
         <alignment>0x4</alignment>
         <input_file_ref idref="fl-7"/>
      </object_component>
      <object_component id="oc-80">
         <name>.text.__divsf3</name>
         <load_address>0x5aac</load_address>
         <readonly>true</readonly>
         <executable>true</executable>
         <run_address>0x5aac</run_address>
         <size>0x82</size>
         <alignment>0x4</alignment>
         <input_file_ref idref="fl-123"/>
      </object_component>
      <object_component id="oc-1c">
         <name>.text:decompress:lzss</name>
         <load_address>0x5b30</load_address>
         <readonly>true</readonly>
         <executable>true</executable>
         <run_address>0x5b30</run_address>
         <size>0x7c</size>
         <alignment>0x4</alignment>
         <input_file_ref idref="fl-54"/>
      </object_component>
      <object_component id="oc-2da">
         <name>.text.__gedf2</name>
         <load_address>0x5bac</load_address>
         <readonly>true</readonly>
         <executable>true</executable>
         <run_address>0x5bac</run_address>
         <size>0x74</size>
         <alignment>0x4</alignment>
         <input_file_ref idref="fl-138"/>
      </object_component>
      <object_component id="oc-225">
         <name>.text.__truncdfsf2</name>
         <load_address>0x5c20</load_address>
         <readonly>true</readonly>
         <executable>true</executable>
         <run_address>0x5c20</run_address>
         <size>0x74</size>
         <alignment>0x10</alignment>
         <input_file_ref idref="fl-12d"/>
      </object_component>
      <object_component id="oc-1a0">
         <name>.text._chkmbc</name>
         <load_address>0x5c94</load_address>
         <readonly>true</readonly>
         <executable>true</executable>
         <run_address>0x5c94</run_address>
         <size>0x74</size>
         <alignment>0x4</alignment>
         <input_file_ref idref="fl-45"/>
      </object_component>
      <object_component id="oc-d7">
         <name>.text.DCMotor_Enable</name>
         <load_address>0x5d08</load_address>
         <readonly>true</readonly>
         <executable>true</executable>
         <run_address>0x5d08</run_address>
         <size>0x70</size>
         <alignment>0x4</alignment>
         <input_file_ref idref="fl-8"/>
      </object_component>
      <object_component id="oc-c5">
         <name>.text.SYSCFG_DL_init</name>
         <load_address>0x5d78</load_address>
         <readonly>true</readonly>
         <executable>true</executable>
         <run_address>0x5d78</run_address>
         <size>0x70</size>
         <alignment>0x4</alignment>
         <input_file_ref idref="fl-2"/>
      </object_component>
      <object_component id="oc-2d4">
         <name>.text.__ledf2</name>
         <load_address>0x5de8</load_address>
         <readonly>true</readonly>
         <executable>true</executable>
         <run_address>0x5de8</run_address>
         <size>0x68</size>
         <alignment>0x4</alignment>
         <input_file_ref idref="fl-138"/>
      </object_component>
      <object_component id="oc-2d3">
         <name>.text._mcpy</name>
         <load_address>0x5e50</load_address>
         <readonly>true</readonly>
         <executable>true</executable>
         <run_address>0x5e50</run_address>
         <size>0x66</size>
         <alignment>0x2</alignment>
         <input_file_ref idref="fl-58"/>
      </object_component>
      <object_component id="oc-cb">
         <name>.text.DCMotor_Init</name>
         <load_address>0x5eb8</load_address>
         <readonly>true</readonly>
         <executable>true</executable>
         <run_address>0x5eb8</run_address>
         <size>0x64</size>
         <alignment>0x4</alignment>
         <input_file_ref idref="fl-8"/>
      </object_component>
      <object_component id="oc-1b9">
         <name>.text.DL_SYSCTL_setHFCLKSourceHFXTParams</name>
         <load_address>0x5f1c</load_address>
         <readonly>true</readonly>
         <executable>true</executable>
         <run_address>0x5f1c</run_address>
         <size>0x64</size>
         <alignment>0x4</alignment>
         <input_file_ref idref="fl-22"/>
      </object_component>
      <object_component id="oc-279">
         <name>.text.__aeabi_dcmp</name>
         <load_address>0x5f80</load_address>
         <readonly>true</readonly>
         <executable>true</executable>
         <run_address>0x5f80</run_address>
         <size>0x62</size>
         <alignment>0x4</alignment>
         <input_file_ref idref="fl-12e"/>
      </object_component>
      <object_component id="oc-18e">
         <name>.text.__aeabi_fcmp</name>
         <load_address>0x5fe4</load_address>
         <readonly>true</readonly>
         <executable>true</executable>
         <run_address>0x5fe4</run_address>
         <size>0x62</size>
         <alignment>0x4</alignment>
         <input_file_ref idref="fl-12f"/>
      </object_component>
      <object_component id="oc-164">
         <name>.text.delay_us</name>
         <load_address>0x6046</load_address>
         <readonly>true</readonly>
         <executable>true</executable>
         <run_address>0x6046</run_address>
         <size>0x62</size>
         <alignment>0x2</alignment>
         <input_file_ref idref="fl-9"/>
      </object_component>
      <object_component id="oc-13b">
         <name>.text:memset</name>
         <load_address>0x60a8</load_address>
         <readonly>true</readonly>
         <executable>true</executable>
         <run_address>0x60a8</run_address>
         <size>0x62</size>
         <alignment>0x1</alignment>
         <input_file_ref idref="fl-13c"/>
      </object_component>
      <object_component id="oc-8c">
         <name>.text.Key_Tick</name>
         <load_address>0x610c</load_address>
         <readonly>true</readonly>
         <executable>true</executable>
         <run_address>0x610c</run_address>
         <size>0x60</size>
         <alignment>0x4</alignment>
         <input_file_ref idref="fl-d"/>
      </object_component>
      <object_component id="oc-16a">
         <name>.text.DL_I2C_fillControllerTXFIFO</name>
         <load_address>0x616c</load_address>
         <readonly>true</readonly>
         <executable>true</executable>
         <run_address>0x616c</run_address>
         <size>0x5e</size>
         <alignment>0x2</alignment>
         <input_file_ref idref="fl-1e"/>
      </object_component>
      <object_component id="oc-2bf">
         <name>.text.frexp</name>
         <load_address>0x61cc</load_address>
         <readonly>true</readonly>
         <executable>true</executable>
         <run_address>0x61cc</run_address>
         <size>0x5c</size>
         <alignment>0x4</alignment>
         <input_file_ref idref="fl-6a"/>
      </object_component>
      <object_component id="oc-41">
         <name>.text.TIMA0_IRQHandler</name>
         <load_address>0x6228</load_address>
         <readonly>true</readonly>
         <executable>true</executable>
         <run_address>0x6228</run_address>
         <size>0x58</size>
         <alignment>0x4</alignment>
         <input_file_ref idref="fl-1"/>
      </object_component>
      <object_component id="oc-2c7">
         <name>.text.__TI_ltoa</name>
         <load_address>0x6280</load_address>
         <readonly>true</readonly>
         <executable>true</executable>
         <run_address>0x6280</run_address>
         <size>0x58</size>
         <alignment>0x2</alignment>
         <input_file_ref idref="fl-61"/>
      </object_component>
      <object_component id="oc-27e">
         <name>.text._pconv_f</name>
         <load_address>0x62d8</load_address>
         <readonly>true</readonly>
         <executable>true</executable>
         <run_address>0x62d8</run_address>
         <size>0x58</size>
         <alignment>0x2</alignment>
         <input_file_ref idref="fl-58"/>
      </object_component>
      <object_component id="oc-2ee">
         <name>.text.__aeabi_idivmod</name>
         <load_address>0x6330</load_address>
         <readonly>true</readonly>
         <executable>true</executable>
         <run_address>0x6330</run_address>
         <size>0x56</size>
         <alignment>0x4</alignment>
         <input_file_ref idref="fl-130"/>
      </object_component>
      <object_component id="oc-d2">
         <name>.text.PID_Init</name>
         <load_address>0x6388</load_address>
         <readonly>true</readonly>
         <executable>true</executable>
         <run_address>0x6388</run_address>
         <size>0x54</size>
         <alignment>0x4</alignment>
         <input_file_ref idref="fl-e"/>
      </object_component>
      <object_component id="oc-149">
         <name>.text.SYSCFG_DL_I2C_GRAYSCALE_init</name>
         <load_address>0x63dc</load_address>
         <readonly>true</readonly>
         <executable>true</executable>
         <run_address>0x63dc</run_address>
         <size>0x54</size>
         <alignment>0x4</alignment>
         <input_file_ref idref="fl-2"/>
      </object_component>
      <object_component id="oc-2d1">
         <name>.text._ecpy</name>
         <load_address>0x6430</load_address>
         <readonly>true</readonly>
         <executable>true</executable>
         <run_address>0x6430</run_address>
         <size>0x52</size>
         <alignment>0x2</alignment>
         <input_file_ref idref="fl-58"/>
      </object_component>
      <object_component id="oc-253">
         <name>.text.DL_DMA_initChannel</name>
         <load_address>0x6484</load_address>
         <readonly>true</readonly>
         <executable>true</executable>
         <run_address>0x6484</run_address>
         <size>0x4c</size>
         <alignment>0x4</alignment>
         <input_file_ref idref="fl-1d"/>
      </object_component>
      <object_component id="oc-14b">
         <name>.text.SYSCFG_DL_SPI_0_init</name>
         <load_address>0x64d0</load_address>
         <readonly>true</readonly>
         <executable>true</executable>
         <run_address>0x64d0</run_address>
         <size>0x4c</size>
         <alignment>0x4</alignment>
         <input_file_ref idref="fl-2"/>
      </object_component>
      <object_component id="oc-105">
         <name>.text.snprintf</name>
         <load_address>0x651c</load_address>
         <readonly>true</readonly>
         <executable>true</executable>
         <run_address>0x651c</run_address>
         <size>0x4c</size>
         <alignment>0x4</alignment>
         <input_file_ref idref="fl-42"/>
      </object_component>
      <object_component id="oc-2c3">
         <name>.text.__fixdfsi</name>
         <load_address>0x6568</load_address>
         <readonly>true</readonly>
         <executable>true</executable>
         <run_address>0x6568</run_address>
         <size>0x4a</size>
         <alignment>0x4</alignment>
         <input_file_ref idref="fl-126"/>
      </object_component>
      <object_component id="oc-1de">
         <name>.text.DL_UART_init</name>
         <load_address>0x65b4</load_address>
         <readonly>true</readonly>
         <executable>true</executable>
         <run_address>0x65b4</run_address>
         <size>0x48</size>
         <alignment>0x4</alignment>
         <input_file_ref idref="fl-21"/>
      </object_component>
      <object_component id="oc-1e7">
         <name>.text.DL_SPI_init</name>
         <load_address>0x65fc</load_address>
         <readonly>true</readonly>
         <executable>true</executable>
         <run_address>0x65fc</run_address>
         <size>0x44</size>
         <alignment>0x4</alignment>
         <input_file_ref idref="fl-1f"/>
      </object_component>
      <object_component id="oc-1c1">
         <name>.text.DL_SYSCTL_switchMCLKfromSYSOSCtoHSCLK</name>
         <load_address>0x6640</load_address>
         <readonly>true</readonly>
         <executable>true</executable>
         <run_address>0x6640</run_address>
         <size>0x44</size>
         <alignment>0x4</alignment>
         <input_file_ref idref="fl-22"/>
      </object_component>
      <object_component id="oc-160">
         <name>.text.__aeabi_uidivmod</name>
         <load_address>0x6684</load_address>
         <readonly>true</readonly>
         <executable>true</executable>
         <run_address>0x6684</run_address>
         <size>0x40</size>
         <alignment>0x4</alignment>
         <input_file_ref idref="fl-133"/>
      </object_component>
      <object_component id="oc-ea">
         <name>.text.__extendsfdf2</name>
         <load_address>0x66c4</load_address>
         <readonly>true</readonly>
         <executable>true</executable>
         <run_address>0x66c4</run_address>
         <size>0x40</size>
         <alignment>0x4</alignment>
         <input_file_ref idref="fl-125"/>
      </object_component>
      <object_component id="oc-215">
         <name>.text.atoi</name>
         <load_address>0x6704</load_address>
         <readonly>true</readonly>
         <executable>true</executable>
         <run_address>0x6704</run_address>
         <size>0x40</size>
         <alignment>0x4</alignment>
         <input_file_ref idref="fl-63"/>
      </object_component>
      <object_component id="oc-1fc">
         <name>.text.DL_I2C_flushControllerTXFIFO</name>
         <load_address>0x6744</load_address>
         <readonly>true</readonly>
         <executable>true</executable>
         <run_address>0x6744</run_address>
         <size>0x3c</size>
         <alignment>0x4</alignment>
         <input_file_ref idref="fl-1e"/>
      </object_component>
      <object_component id="oc-143">
         <name>.text.SYSCFG_DL_E1A_init</name>
         <load_address>0x6780</load_address>
         <readonly>true</readonly>
         <executable>true</executable>
         <run_address>0x6780</run_address>
         <size>0x3c</size>
         <alignment>0x4</alignment>
         <input_file_ref idref="fl-2"/>
      </object_component>
      <object_component id="oc-144">
         <name>.text.SYSCFG_DL_E1B_init</name>
         <load_address>0x67bc</load_address>
         <readonly>true</readonly>
         <executable>true</executable>
         <run_address>0x67bc</run_address>
         <size>0x3c</size>
         <alignment>0x4</alignment>
         <input_file_ref idref="fl-2"/>
      </object_component>
      <object_component id="oc-145">
         <name>.text.SYSCFG_DL_E2A_init</name>
         <load_address>0x67f8</load_address>
         <readonly>true</readonly>
         <executable>true</executable>
         <run_address>0x67f8</run_address>
         <size>0x3c</size>
         <alignment>0x4</alignment>
         <input_file_ref idref="fl-2"/>
      </object_component>
      <object_component id="oc-146">
         <name>.text.SYSCFG_DL_E2B_init</name>
         <load_address>0x6834</load_address>
         <readonly>true</readonly>
         <executable>true</executable>
         <run_address>0x6834</run_address>
         <size>0x3c</size>
         <alignment>0x4</alignment>
         <input_file_ref idref="fl-2"/>
      </object_component>
      <object_component id="oc-7c">
         <name>.text.__floatsisf</name>
         <load_address>0x6870</load_address>
         <readonly>true</readonly>
         <executable>true</executable>
         <run_address>0x6870</run_address>
         <size>0x3c</size>
         <alignment>0x4</alignment>
         <input_file_ref idref="fl-12a"/>
      </object_component>
      <object_component id="oc-209">
         <name>.text.__gtsf2</name>
         <load_address>0x68ac</load_address>
         <readonly>true</readonly>
         <executable>true</executable>
         <run_address>0x68ac</run_address>
         <size>0x3c</size>
         <alignment>0x4</alignment>
         <input_file_ref idref="fl-135"/>
      </object_component>
      <object_component id="oc-116">
         <name>.text.grayscale_byte_to_sensor_array</name>
         <load_address>0x68e8</load_address>
         <readonly>true</readonly>
         <executable>true</executable>
         <run_address>0x68e8</run_address>
         <size>0x3c</size>
         <alignment>0x4</alignment>
         <input_file_ref idref="fl-b"/>
      </object_component>
      <object_component id="oc-124">
         <name>.text:__TI_auto_init_nobinit_nopinit</name>
         <load_address>0x6924</load_address>
         <readonly>true</readonly>
         <executable>true</executable>
         <run_address>0x6924</run_address>
         <size>0x3c</size>
         <alignment>0x4</alignment>
         <input_file_ref idref="fl-4f"/>
      </object_component>
      <object_component id="oc-204">
         <name>.text.__eqsf2</name>
         <load_address>0x6960</load_address>
         <readonly>true</readonly>
         <executable>true</executable>
         <run_address>0x6960</run_address>
         <size>0x3a</size>
         <alignment>0x4</alignment>
         <input_file_ref idref="fl-135"/>
      </object_component>
      <object_component id="oc-b3">
         <name>.text.__muldsi3</name>
         <load_address>0x699c</load_address>
         <readonly>true</readonly>
         <executable>true</executable>
         <run_address>0x699c</run_address>
         <size>0x3a</size>
         <alignment>0x4</alignment>
         <input_file_ref idref="fl-121"/>
      </object_component>
      <object_component id="oc-147">
         <name>.text.SYSCFG_DL_TIMER_FOR_1MS_init</name>
         <load_address>0x69d8</load_address>
         <readonly>true</readonly>
         <executable>true</executable>
         <run_address>0x69d8</run_address>
         <size>0x38</size>
         <alignment>0x4</alignment>
         <input_file_ref idref="fl-2"/>
      </object_component>
      <object_component id="oc-101">
         <name>.text.__fixsfsi</name>
         <load_address>0x6a10</load_address>
         <readonly>true</readonly>
         <executable>true</executable>
         <run_address>0x6a10</run_address>
         <size>0x38</size>
         <alignment>0x4</alignment>
         <input_file_ref idref="fl-127"/>
      </object_component>
      <object_component id="oc-115">
         <name>.text.IIC_Get_Digtal_Ex</name>
         <load_address>0x6a48</load_address>
         <readonly>true</readonly>
         <executable>true</executable>
         <run_address>0x6a48</run_address>
         <size>0x32</size>
         <alignment>0x2</alignment>
         <input_file_ref idref="fl-b"/>
      </object_component>
      <object_component id="oc-1fe">
         <name>.text.DL_I2C_flushControllerRXFIFO</name>
         <load_address>0x6a7c</load_address>
         <readonly>true</readonly>
         <executable>true</executable>
         <run_address>0x6a7c</run_address>
         <size>0x30</size>
         <alignment>0x4</alignment>
         <input_file_ref idref="fl-1e"/>
      </object_component>
      <object_component id="oc-2d2">
         <name>.text._fcpy</name>
         <load_address>0x6aac</load_address>
         <readonly>true</readonly>
         <executable>true</executable>
         <run_address>0x6aac</run_address>
         <size>0x30</size>
         <alignment>0x2</alignment>
         <input_file_ref idref="fl-58"/>
      </object_component>
      <object_component id="oc-194">
         <name>.text._outs</name>
         <load_address>0x6adc</load_address>
         <readonly>true</readonly>
         <executable>true</executable>
         <run_address>0x6adc</run_address>
         <size>0x30</size>
         <alignment>0x2</alignment>
         <input_file_ref idref="fl-42"/>
      </object_component>
      <object_component id="oc-1fd">
         <name>.text.grayscale_i2c_recover</name>
         <load_address>0x6b0c</load_address>
         <readonly>true</readonly>
         <executable>true</executable>
         <run_address>0x6b0c</run_address>
         <size>0x30</size>
         <alignment>0x4</alignment>
         <input_file_ref idref="fl-b"/>
      </object_component>
      <object_component id="oc-10c">
         <name>.text.sscanf</name>
         <load_address>0x6b3c</load_address>
         <readonly>true</readonly>
         <executable>true</executable>
         <run_address>0x6b3c</run_address>
         <size>0x30</size>
         <alignment>0x4</alignment>
         <input_file_ref idref="fl-45"/>
      </object_component>
      <object_component id="oc-2cb">
         <name>.text.__floatsidf</name>
         <load_address>0x6b6c</load_address>
         <readonly>true</readonly>
         <executable>true</executable>
         <run_address>0x6b6c</run_address>
         <size>0x2c</size>
         <alignment>0x4</alignment>
         <input_file_ref idref="fl-129"/>
      </object_component>
      <object_component id="oc-180">
         <name>.text.vsprintf</name>
         <load_address>0x6b98</load_address>
         <readonly>true</readonly>
         <executable>true</executable>
         <run_address>0x6b98</run_address>
         <size>0x2c</size>
         <alignment>0x4</alignment>
         <input_file_ref idref="fl-44"/>
      </object_component>
      <object_component id="oc-e9">
         <name>.text.OLED_Printf</name>
         <load_address>0x6bc4</load_address>
         <readonly>true</readonly>
         <executable>true</executable>
         <run_address>0x6bc4</run_address>
         <size>0x28</size>
         <alignment>0x2</alignment>
         <input_file_ref idref="fl-5"/>
      </object_component>
      <object_component id="oc-14d">
         <name>.text.SYSCFG_DL_SYSCTL_CLK_init</name>
         <load_address>0x6bec</load_address>
         <readonly>true</readonly>
         <executable>true</executable>
         <run_address>0x6bec</run_address>
         <size>0x28</size>
         <alignment>0x4</alignment>
         <input_file_ref idref="fl-2"/>
      </object_component>
      <object_component id="oc-63">
         <name>.text:_c_int00_noargs</name>
         <load_address>0x6c14</load_address>
         <readonly>true</readonly>
         <executable>true</executable>
         <run_address>0x6c14</run_address>
         <size>0x28</size>
         <alignment>0x4</alignment>
         <input_file_ref idref="fl-4d"/>
      </object_component>
      <object_component id="oc-1d5">
         <name>.text.DL_I2C_setClockConfig</name>
         <load_address>0x6c3c</load_address>
         <readonly>true</readonly>
         <executable>true</executable>
         <run_address>0x6c3c</run_address>
         <size>0x26</size>
         <alignment>0x2</alignment>
         <input_file_ref idref="fl-1e"/>
      </object_component>
      <object_component id="oc-ee">
         <name>.text.DCMotor_DirectionString</name>
         <load_address>0x6c64</load_address>
         <readonly>true</readonly>
         <executable>true</executable>
         <run_address>0x6c64</run_address>
         <size>0x24</size>
         <alignment>0x4</alignment>
         <input_file_ref idref="fl-8"/>
      </object_component>
      <object_component id="oc-26f">
         <name>.text.__muldi3</name>
         <load_address>0x6c88</load_address>
         <readonly>true</readonly>
         <executable>true</executable>
         <run_address>0x6c88</run_address>
         <size>0x24</size>
         <alignment>0x4</alignment>
         <input_file_ref idref="fl-12c"/>
      </object_component>
      <object_component id="oc-25f">
         <name>.text.memccpy</name>
         <load_address>0x6cac</load_address>
         <readonly>true</readonly>
         <executable>true</executable>
         <run_address>0x6cac</run_address>
         <size>0x22</size>
         <alignment>0x2</alignment>
         <input_file_ref idref="fl-64"/>
      </object_component>
      <object_component id="oc-f0">
         <name>.text.PID_Reset</name>
         <load_address>0x6cd0</load_address>
         <readonly>true</readonly>
         <executable>true</executable>
         <run_address>0x6cd0</run_address>
         <size>0x20</size>
         <alignment>0x4</alignment>
         <input_file_ref idref="fl-e"/>
      </object_component>
      <object_component id="oc-2e5">
         <name>.text.__ashldi3</name>
         <load_address>0x6cf0</load_address>
         <readonly>true</readonly>
         <executable>true</executable>
         <run_address>0x6cf0</run_address>
         <size>0x1e</size>
         <alignment>0x4</alignment>
         <input_file_ref idref="fl-137"/>
      </object_component>
      <object_component id="oc-114">
         <name>.text.DCMotor_GetStatus</name>
         <load_address>0x6d10</load_address>
         <readonly>true</readonly>
         <executable>true</executable>
         <run_address>0x6d10</run_address>
         <size>0x1c</size>
         <alignment>0x4</alignment>
         <input_file_ref idref="fl-8"/>
      </object_component>
      <object_component id="oc-24d">
         <name>.text.DL_SYSCTL_configFCC</name>
         <load_address>0x6d2c</load_address>
         <readonly>true</readonly>
         <executable>true</executable>
         <run_address>0x6d2c</run_address>
         <size>0x1c</size>
         <alignment>0x4</alignment>
         <input_file_ref idref="fl-22"/>
      </object_component>
      <object_component id="oc-1c6">
         <name>.text.DL_Timer_setCaptCompUpdateMethod</name>
         <load_address>0x6d48</load_address>
         <readonly>true</readonly>
         <executable>true</executable>
         <run_address>0x6d48</run_address>
         <size>0x1c</size>
         <alignment>0x4</alignment>
         <input_file_ref idref="fl-20"/>
      </object_component>
      <object_component id="oc-1c3">
         <name>.text.DL_Timer_setClockConfig</name>
         <load_address>0x6d64</load_address>
         <readonly>true</readonly>
         <executable>true</executable>
         <run_address>0x6d64</run_address>
         <size>0x1c</size>
         <alignment>0x4</alignment>
         <input_file_ref idref="fl-20"/>
      </object_component>
      <object_component id="oc-1c5">
         <name>.text.DL_Timer_setCaptureCompareOutCtl</name>
         <load_address>0x6d80</load_address>
         <readonly>true</readonly>
         <executable>true</executable>
         <run_address>0x6d80</run_address>
         <size>0x18</size>
         <alignment>0x4</alignment>
         <input_file_ref idref="fl-20"/>
      </object_component>
      <object_component id="oc-e8">
         <name>.text.IIC_Set_Channel_Enable</name>
         <load_address>0x6d98</load_address>
         <readonly>true</readonly>
         <executable>true</executable>
         <run_address>0x6d98</run_address>
         <size>0x18</size>
         <alignment>0x2</alignment>
         <input_file_ref idref="fl-b"/>
      </object_component>
      <object_component id="oc-112">
         <name>.text.PID_SetParameters</name>
         <load_address>0x6db0</load_address>
         <readonly>true</readonly>
         <executable>true</executable>
         <run_address>0x6db0</run_address>
         <size>0x18</size>
         <alignment>0x4</alignment>
         <input_file_ref idref="fl-e"/>
      </object_component>
      <object_component id="oc-1eb">
         <name>.text.SYSCFG_DL_DMA_CH0_init</name>
         <load_address>0x6dc8</load_address>
         <readonly>true</readonly>
         <executable>true</executable>
         <run_address>0x6dc8</run_address>
         <size>0x18</size>
         <alignment>0x4</alignment>
         <input_file_ref idref="fl-2"/>
      </object_component>
      <object_component id="oc-1ea">
         <name>.text.SYSCFG_DL_DMA_CH1_init</name>
         <load_address>0x6de0</load_address>
         <readonly>true</readonly>
         <executable>true</executable>
         <run_address>0x6de0</run_address>
         <size>0x18</size>
         <alignment>0x4</alignment>
         <input_file_ref idref="fl-2"/>
[...]
         <value>0x6d65</value>
         <object_component_ref idref="oc-1c3"/>
      </symbol>
      <symbol id="sm-27e">
         <name>DL_Timer_initTimerMode</name>
         <value>0x4b11</value>
         <object_component_ref idref="oc-1d2"/>
      </symbol>
      <symbol id="sm-27f">
         <name>DL_Timer_setCaptureCompareValue</name>
         <value>0x6ec5</value>
         <object_component_ref idref="oc-155"/>
      </symbol>
      <symbol id="sm-280">
         <name>DL_Timer_initCaptureMode</name>
         <value>0x47e5</value>
         <object_component_ref idref="oc-1c9"/>
      </symbol>
      <symbol id="sm-281">
         <name>DL_Timer_setCaptCompUpdateMethod</name>
         <value>0x6d49</value>
         <object_component_ref idref="oc-1c6"/>
      </symbol>
      <symbol id="sm-282">
         <name>DL_Timer_setCaptureCompareOutCtl</name>
         <value>0x6d81</value>
         <object_component_ref idref="oc-1c5"/>
      </symbol>
      <symbol id="sm-283">
         <name>DL_Timer_initFourCCPWMMode</name>
         <value>0x4a0d</value>
         <object_component_ref idref="oc-1c4"/>
      </symbol>
      <symbol id="sm-290">
         <name>DL_UART_init</name>
         <value>0x65b5</value>
         <object_component_ref idref="oc-1de"/>
      </symbol>
      <symbol id="sm-291">
         <name>DL_UART_setClockConfig</name>
         <value>0x6e9f</value>
         <object_component_ref idref="oc-1d8"/>
      </symbol>
      <symbol id="sm-2a5">
         <name>DL_SYSCTL_configSYSPLL</name>
         <value>0x4fd1</value>
         <object_component_ref idref="oc-1bf"/>
      </symbol>
      <symbol id="sm-2a6">
         <name>DL_SYSCTL_switchMCLKfromSYSOSCtoHSCLK</name>
         <value>0x6641</value>
         <object_component_ref idref="oc-1c1"/>
      </symbol>
      <symbol id="sm-2a7">
         <name>DL_SYSCTL_setHFCLKSourceHFXTParams</name>
         <value>0x5f1d</value>
         <object_component_ref idref="oc-1b9"/>
      </symbol>
      <symbol id="sm-2a8">
         <name>DL_SYSCTL_configFCC</name>
         <value>0x6d2d</value>
         <object_component_ref idref="oc-24d"/>
      </symbol>
      <symbol id="sm-2c2">
         <name>snprintf</name>
         <value>0x651d</value>
         <object_component_ref idref="oc-105"/>
      </symbol>
      <symbol id="sm-2d4">
         <name>vsprintf</name>
         <value>0x6b99</value>
         <object_component_ref idref="oc-180"/>
      </symbol>
      <symbol id="sm-2e9">
         <name>sscanf</name>
         <value>0x6b3d</value>
         <object_component_ref idref="oc-10c"/>
      </symbol>
      <symbol id="sm-2ea">
         <name>__aeabi_ctype_table_</name>
         <value>0x7b70</value>
         <object_component_ref idref="oc-219"/>
      </symbol>
      <symbol id="sm-2eb">
         <name>__aeabi_ctype_table_C</name>
         <value>0x7b70</value>
         <object_component_ref idref="oc-219"/>
      </symbol>
      <symbol id="sm-2f3">
         <name>strcmp</name>
         <value>0x59a1</value>
         <object_component_ref idref="oc-174"/>
      </symbol>
      <symbol id="sm-2fe">
         <name>__aeabi_errno_addr</name>
         <value>0x6ff5</value>
         <object_component_ref idref="oc-26a"/>
      </symbol>
      <symbol id="sm-2ff">
         <name>__aeabi_errno</name>
         <value>0x202009d0</value>
         <object_component_ref idref="oc-2b5"/>
      </symbol>
      <symbol id="sm-30e">
         <name>_c_int00_noargs</name>
         <value>0x6c15</value>
         <object_component_ref idref="oc-63"/>
      </symbol>
      <symbol id="sm-30f">
         <name>__stack</name>
         <value>0x20207e00</value>
         <object_component_ref idref="oc-1a"/>
      </symbol>
      <symbol id="sm-31b">
         <name>__TI_auto_init_nobinit_nopinit</name>
         <value>0x6925</value>
         <object_component_ref idref="oc-124"/>
      </symbol>
      <symbol id="sm-323">
         <name>_system_pre_init</name>
         <value>0x7021</value>
         <object_component_ref idref="oc-a0"/>
      </symbol>
      <symbol id="sm-32e">
         <name>__TI_zero_init</name>
         <value>0x6ef5</value>
         <object_component_ref idref="oc-60"/>
      </symbol>
      <symbol id="sm-337">
         <name>__TI_decompress_none</name>
         <value>0x6eb1</value>
         <object_component_ref idref="oc-20"/>
      </symbol>
      <symbol id="sm-342">
         <name>__TI_decompress_lzss</name>
         <value>0x5b31</value>
         <object_component_ref idref="oc-1c"/>
      </symbol>
      <symbol id="sm-34e">
         <name>scalbn</name>
         <value>0x50ad</value>
         <object_component_ref idref="oc-28f"/>
      </symbol>
      <symbol id="sm-34f">
         <name>ldexp</name>
         <value>0x50ad</value>
         <object_component_ref idref="oc-28f"/>
      </symbol>
      <symbol id="sm-350">
         <name>scalbnl</name>
         <value>0x50ad</value>
         <object_component_ref idref="oc-28f"/>
      </symbol>
      <symbol id="sm-351">
         <name>ldexpl</name>
         <value>0x50ad</value>
         <object_component_ref idref="oc-28f"/>
      </symbol>
      <symbol id="sm-39a">
         <name>__TI_printfi</name>
         <value>0x16c9</value>
         <object_component_ref idref="oc-212"/>
      </symbol>
      <symbol id="sm-3c2">
         <name>__TI_scanfi</name>
         <value>0xc1</value>
         <object_component_ref idref="oc-198"/>
      </symbol>
      <symbol id="sm-3d0">
         <name>abort</name>
         <value>0x7013</value>
         <object_component_ref idref="oc-11d"/>
      </symbol>
      <symbol id="sm-3da">
         <name>__TI_ltoa</name>
         <value>0x6281</value>
         <object_component_ref idref="oc-2c7"/>
      </symbol>
      <symbol id="sm-3e5">
         <name>atoi</name>
         <value>0x6705</value>
         <object_component_ref idref="oc-215"/>
      </symbol>
      <symbol id="sm-3ee">
         <name>memccpy</name>
         <value>0x6cad</value>
         <object_component_ref idref="oc-25f"/>
      </symbol>
      <symbol id="sm-403">
         <name>strtod</name>
         <value>0x2685</value>
         <object_component_ref idref="oc-21f"/>
      </symbol>
      <symbol id="sm-404">
         <name>strtold</name>
         <value>0x2685</value>
         <object_component_ref idref="oc-21f"/>
      </symbol>
      <symbol id="sm-40f">
         <name>strtol</name>
         <value>0x3fa5</value>
         <object_component_ref idref="oc-22e"/>
      </symbol>
      <symbol id="sm-41a">
         <name>strtoll</name>
         <value>0x3359</value>
         <object_component_ref idref="oc-236"/>
      </symbol>
      <symbol id="sm-425">
         <name>strtoul</name>
         <value>0x4355</value>
         <object_component_ref idref="oc-22a"/>
      </symbol>
      <symbol id="sm-430">
         <name>strtoull</name>
         <value>0x3a49</value>
         <object_component_ref idref="oc-232"/>
      </symbol>
      <symbol id="sm-43a">
         <name>frexp</name>
         <value>0x61cd</value>
         <object_component_ref idref="oc-2bf"/>
      </symbol>
      <symbol id="sm-43b">
         <name>frexpl</name>
         <value>0x61cd</value>
         <object_component_ref idref="oc-2bf"/>
      </symbol>
      <symbol id="sm-444">
         <name>wcslen</name>
         <value>0x6ee5</value>
         <object_component_ref idref="oc-266"/>
      </symbol>
      <symbol id="sm-44f">
         <name>HOSTexit</name>
         <value>0x7019</value>
         <object_component_ref idref="oc-1a4"/>
      </symbol>
      <symbol id="sm-450">
         <name>C$$EXIT</name>
         <value>0x7018</value>
         <object_component_ref idref="oc-1a4"/>
      </symbol>
      <symbol id="sm-465">
         <name>__aeabi_fadd</name>
         <value>0x518f</value>
         <object_component_ref idref="oc-18a"/>
      </symbol>
      <symbol id="sm-466">
         <name>__addsf3</name>
         <value>0x518f</value>
         <object_component_ref idref="oc-18a"/>
      </symbol>
      <symbol id="sm-467">
         <name>__aeabi_fsub</name>
         <value>0x5185</value>
         <object_component_ref idref="oc-18a"/>
      </symbol>
      <symbol id="sm-468">
         <name>__subsf3</name>
         <value>0x5185</value>
         <object_component_ref idref="oc-18a"/>
      </symbol>
      <symbol id="sm-46e">
         <name>__aeabi_dadd</name>
         <value>0x38bf</value>
         <object_component_ref idref="oc-28b"/>
      </symbol>
      <symbol id="sm-46f">
         <name>__adddf3</name>
         <value>0x38bf</value>
         <object_component_ref idref="oc-28b"/>
      </symbol>
      <symbol id="sm-470">
         <name>__aeabi_dsub</name>
         <value>0x38b5</value>
         <object_component_ref idref="oc-28b"/>
      </symbol>
      <symbol id="sm-471">
         <name>__subdf3</name>
         <value>0x38b5</value>
         <object_component_ref idref="oc-28b"/>
      </symbol>
      <symbol id="sm-47a">
         <name>__aeabi_dmul</name>
         <value>0x4eed</value>
         <object_component_ref idref="oc-287"/>
      </symbol>
      <symbol id="sm-47b">
         <name>__muldf3</name>
         <value>0x4eed</value>
         <object_component_ref idref="oc-287"/>
      </symbol>
      <symbol id="sm-481">
         <name>__muldsi3</name>
         <value>0x699d</value>
         <object_component_ref idref="oc-b3"/>
      </symbol>
      <symbol id="sm-487">
         <name>__aeabi_fmul</name>
         <value>0x5915</value>
         <object_component_ref idref="oc-84"/>
      </symbol>
      <symbol id="sm-488">
         <name>__mulsf3</name>
         <value>0x5915</value>
         <object_component_ref idref="oc-84"/>
      </symbol>
      <symbol id="sm-48e">
         <name>__aeabi_fdiv</name>
         <value>0x5aad</value>
         <object_component_ref idref="oc-80"/>
      </symbol>
      <symbol id="sm-48f">
         <name>__divsf3</name>
         <value>0x5aad</value>
         <object_component_ref idref="oc-80"/>
      </symbol>
      <symbol id="sm-495">
         <name>__aeabi_ddiv</name>
         <value>0x4901</value>
         <object_component_ref idref="oc-293"/>
      </symbol>
      <symbol id="sm-496">
         <name>__divdf3</name>
         <value>0x4901</value>
         <object_component_ref idref="oc-293"/>
      </symbol>
      <symbol id="sm-49c">
         <name>__aeabi_f2d</name>
         <value>0x66c5</value>
         <object_component_ref idref="oc-ea"/>
      </symbol>
      <symbol id="sm-49d">
         <name>__extendsfdf2</name>
         <value>0x66c5</value>
         <object_component_ref idref="oc-ea"/>
      </symbol>
      <symbol id="sm-4a3">
         <name>__aeabi_d2iz</name>
         <value>0x6569</value>
         <object_component_ref idref="oc-2c3"/>
      </symbol>
      <symbol id="sm-4a4">
         <name>__fixdfsi</name>
         <value>0x6569</value>
         <object_component_ref idref="oc-2c3"/>
      </symbol>
      <symbol id="sm-4aa">
         <name>__aeabi_f2iz</name>
         <value>0x6a11</value>
         <object_component_ref idref="oc-101"/>
      </symbol>
      <symbol id="sm-4ab">
         <name>__fixsfsi</name>
         <value>0x6a11</value>
         <object_component_ref idref="oc-101"/>
      </symbol>
      <symbol id="sm-4b1">
         <name>__aeabi_i2d</name>
         <value>0x6b6d</value>
         <object_component_ref idref="oc-2cb"/>
      </symbol>
      <symbol id="sm-4b2">
         <name>__floatsidf</name>
         <value>0x6b6d</value>
         <object_component_ref idref="oc-2cb"/>
      </symbol>
      <symbol id="sm-4b8">
         <name>__aeabi_i2f</name>
         <value>0x6871</value>
         <object_component_ref idref="oc-7c"/>
      </symbol>
      <symbol id="sm-4b9">
         <name>__floatsisf</name>
         <value>0x6871</value>
         <object_component_ref idref="oc-7c"/>
      </symbol>
      <symbol id="sm-4bf">
         <name>__aeabi_lmul</name>
         <value>0x6c89</value>
         <object_component_ref idref="oc-26f"/>
      </symbol>
      <symbol id="sm-4c0">
         <name>__muldi3</name>
         <value>0x6c89</value>
         <object_component_ref idref="oc-26f"/>
      </symbol>
      <symbol id="sm-4c7">
         <name>__aeabi_d2f</name>
         <value>0x5c21</value>
         <object_component_ref idref="oc-225"/>
      </symbol>
      <symbol id="sm-4c8">
         <name>__truncdfsf2</name>
         <value>0x5c21</value>
         <object_component_ref idref="oc-225"/>
      </symbol>
      <symbol id="sm-4ce">
         <name>__aeabi_dcmpeq</name>
         <value>0x5f81</value>
         <object_component_ref idref="oc-279"/>
      </symbol>
      <symbol id="sm-4cf">
         <name>__aeabi_dcmplt</name>
         <value>0x5f95</value>
         <object_component_ref idref="oc-279"/>
      </symbol>
      <symbol id="sm-4d0">
         <name>__aeabi_dcmple</name>
         <value>0x5fa9</value>
         <object_component_ref idref="oc-279"/>
      </symbol>
      <symbol id="sm-4d1">
         <name>__aeabi_dcmpge</name>
         <value>0x5fbd</value>
         <object_component_ref idref="oc-279"/>
      </symbol>
      <symbol id="sm-4d2">
         <name>__aeabi_dcmpgt</name>
         <value>0x5fd1</value>
         <object_component_ref idref="oc-279"/>
      </symbol>
      <symbol id="sm-4db">
         <name>__aeabi_fcmpeq</name>
         <value>0x5fe5</value>
         <object_component_ref idref="oc-18e"/>
      </symbol>
      <symbol id="sm-4dc">
         <name>__aeabi_fcmplt</name>
         <value>0x5ff9</value>
         <object_component_ref idref="oc-18e"/>
      </symbol>
      <symbol id="sm-4dd">
         <name>__aeabi_fcmple</name>
         <value>0x600d</value>
         <object_component_ref idref="oc-18e"/>
      </symbol>
      <symbol id="sm-4de">
         <name>__aeabi_fcmpge</name>
         <value>0x6021</value>
         <object_component_ref idref="oc-18e"/>
      </symbol>
      <symbol id="sm-4df">
         <name>__aeabi_fcmpgt</name>
         <value>0x6035</value>
         <object_component_ref idref="oc-18e"/>
      </symbol>
      <symbol id="sm-4e5">
         <name>__aeabi_idiv</name>
         <value>0x6331</value>
         <object_component_ref idref="oc-2ee"/>
      </symbol>
      <symbol id="sm-4e6">
         <name>__aeabi_idivmod</name>
         <value>0x6331</value>
         <object_component_ref idref="oc-2ee"/>
      </symbol>
      <symbol id="sm-4ec">
         <name>__aeabi_memcpy</name>
         <value>0x6ffd</value>
         <object_component_ref idref="oc-53"/>
      </symbol>
      <symbol id="sm-4ed">
         <name>__aeabi_memcpy4</name>
         <value>0x6ffd</value>
         <object_component_ref idref="oc-53"/>
      </symbol>
      <symbol id="sm-4ee">
         <name>__aeabi_memcpy8</name>
         <value>0x6ffd</value>
         <object_component_ref idref="oc-53"/>
      </symbol>
      <symbol id="sm-4f7">
         <name>__aeabi_memset</name>
         <value>0x6f31</value>
         <object_component_ref idref="oc-25e"/>
      </symbol>
      <symbol id="sm-4f8">
         <name>__aeabi_memset4</name>
         <value>0x6f31</value>
         <object_component_ref idref="oc-25e"/>
      </symbol>
      <symbol id="sm-4f9">
         <name>__aeabi_memset8</name>
         <value>0x6f31</value>
         <object_component_ref idref="oc-25e"/>
      </symbol>
      <symbol id="sm-4fa">
         <name>__aeabi_memclr</name>
         <value>0x6f71</value>
         <object_component_ref idref="oc-6c"/>
      </symbol>
      <symbol id="sm-4fb">
         <name>__aeabi_memclr4</name>
         <value>0x6f71</value>
         <object_component_ref idref="oc-6c"/>
      </symbol>
      <symbol id="sm-4fc">
         <name>__aeabi_memclr8</name>
         <value>0x6f71</value>
         <object_component_ref idref="oc-6c"/>
      </symbol>
      <symbol id="sm-502">
         <name>__aeabi_uidiv</name>
         <value>0x6685</value>
         <object_component_ref idref="oc-160"/>
      </symbol>
      <symbol id="sm-503">
         <name>__aeabi_uidivmod</name>
         <value>0x6685</value>
         <object_component_ref idref="oc-160"/>
      </symbol>
      <symbol id="sm-509">
         <name>__aeabi_uldivmod</name>
         <value>0x6e51</value>
         <object_component_ref idref="oc-274"/>
      </symbol>
      <symbol id="sm-512">
         <name>__eqsf2</name>
         <value>0x6961</value>
         <object_component_ref idref="oc-204"/>
      </symbol>
      <symbol id="sm-513">
         <name>__lesf2</name>
         <value>0x6961</value>
         <object_component_ref idref="oc-204"/>
      </symbol>
      <symbol id="sm-514">
         <name>__ltsf2</name>
         <value>0x6961</value>
         <object_component_ref idref="oc-204"/>
      </symbol>
      <symbol id="sm-515">
         <name>__nesf2</name>
         <value>0x6961</value>
         <object_component_ref idref="oc-204"/>
      </symbol>
      <symbol id="sm-516">
         <name>__cmpsf2</name>
         <value>0x6961</value>
         <object_component_ref idref="oc-204"/>
      </symbol>
      <symbol id="sm-517">
         <name>__gtsf2</name>
         <value>0x68ad</value>
         <object_component_ref idref="oc-209"/>
      </symbol>
      <symbol id="sm-518">
         <name>__gesf2</name>
         <value>0x68ad</value>
         <object_component_ref idref="oc-209"/>
      </symbol>
      <symbol id="sm-51e">
         <name>__udivmoddi4</name>
         <value>0x53c1</value>
         <object_component_ref idref="oc-2ba"/>
      </symbol>
      <symbol id="sm-524">
         <name>__aeabi_llsl</name>
         <value>0x6cf1</value>
         <object_component_ref idref="oc-2e5"/>
      </symbol>
      <symbol id="sm-525">
         <name>__ashldi3</name>
         <value>0x6cf1</value>
         <object_component_ref idref="oc-2e5"/>
      </symbol>
      <symbol id="sm-533">
         <name>__ledf2</name>
         <value>0x5de9</value>
         <object_component_ref idref="oc-2d4"/>
      </symbol>
      <symbol id="sm-534">
         <name>__gedf2</name>
         <value>0x5bad</value>
         <object_component_ref idref="oc-2da"/>
      </symbol>
      <symbol id="sm-535">
         <name>__cmpdf2</name>
         <value>0x5de9</value>
         <object_component_ref idref="oc-2d4"/>
      </symbol>
      <symbol id="sm-536">
         <name>__eqdf2</name>
         <value>0x5de9</value>
         <object_component_ref idref="oc-2d4"/>
      </symbol>
      <symbol id="sm-537">
         <name>__ltdf2</name>
         <value>0x5de9</value>
         <object_component_ref idref="oc-2d4"/>
      </symbol>
      <symbol id="sm-538">
         <name>__nedf2</name>
         <value>0x5de9</value>
         <object_component_ref idref="oc-2d4"/>
      </symbol>
      <symbol id="sm-539">
         <name>__gtdf2</name>
         <value>0x5bad</value>
         <object_component_ref idref="oc-2da"/>
      </symbol>
      <symbol id="sm-545">
         <name>__aeabi_idiv0</name>
         <value>0x5313</value>
         <object_component_ref idref="oc-1ee"/>
      </symbol>
      <symbol id="sm-546">
         <name>__aeabi_ldiv0</name>
         <value>0x5463</value>
         <object_component_ref idref="oc-2e4"/>
      </symbol>
      <symbol id="sm-560">
         <name>memcpy</name>
         <value>0x5505</value>
         <object_component_ref idref="oc-c2"/>
      </symbol>
      <symbol id="sm-56f">
         <name>memset</name>
         <value>0x60a9</value>
         <object_component_ref idref="oc-13b"/>
      </symbol>
      <symbol id="sm-570">
         <name>__TI_static_base__</name>
         <value>0x0</value>
      </symbol>
      <symbol id="sm-574">
         <name>__mpu_init</name>
         <value>0x0</value>
      </symbol>
      <symbol id="sm-575">
         <name>_system_post_cinit</name>
         <value>0x0</value>
      </symbol>
   </symbol_table>
   <title>Link successful</title>
</link_info>
